Archive member included to satisfy reference by file (symbol)

G:/tools/STM32CubeIDE_1.13.1/STM32CubeIDE/plugins/com.st.stm32cube.ide.mcu.externaltools.gnu-tools-for-stm32.11.3.rel1.win32_1.1.1.202309131626/tools/bin/../lib/gcc/arm-none-eabi/11.3.1/../../../../arm-none-eabi/lib/thumb/v7-m/nofp\libc_nano.a(libc_a-exit.o)
                              G:/tools/STM32CubeIDE_1.13.1/STM32CubeIDE/plugins/com.st.stm32cube.ide.mcu.externaltools.gnu-tools-for-stm32.11.3.rel1.win32_1.1.1.202309131626/tools/bin/../lib/gcc/arm-none-eabi/11.3.1/../../../../arm-none-eabi/lib/thumb/v7-m/nofp/crt0.o (exit)
G:/tools/STM32CubeIDE_1.13.1/STM32CubeIDE/plugins/com.st.stm32cube.ide.mcu.externaltools.gnu-tools-for-stm32.11.3.rel1.win32_1.1.1.202309131626/tools/bin/../lib/gcc/arm-none-eabi/11.3.1/../../../../arm-none-eabi/lib/thumb/v7-m/nofp\libc_nano.a(libc_a-utoa.o)
                              ./Core/Src/gui.o (utoa)
G:/tools/STM32CubeIDE_1.13.1/STM32CubeIDE/plugins/com.st.stm32cube.ide.mcu.externaltools.gnu-tools-for-stm32.11.3.rel1.win32_1.1.1.202309131626/tools/bin/../lib/gcc/arm-none-eabi/11.3.1/../../../../arm-none-eabi/lib/thumb/v7-m/nofp\libc_nano.a(libc_a-findfp.o)
                              G:/tools/STM32CubeIDE_1.13.1/STM32CubeIDE/plugins/com.st.stm32cube.ide.mcu.externaltools.gnu-tools-for-stm32.11.3.rel1.win32_1.1.1.202309131626/tools/bin/../lib/gcc/arm-none-eabi/11.3.1/../../../../arm-none-eabi/lib/thumb/v7-m/nofp\libc_nano.a(libc_a-exit.o) (__stdio_exit_handler)
G:/tools/STM32CubeIDE_1.13.1/STM32CubeIDE/plugins/com.st.stm32cube.ide.mcu.externaltools.gnu-tools-for-stm32.11.3.rel1.win32_1.1.1.202309131626/tools/bin/../lib/gcc/arm-none-eabi/11.3.1/../../../../arm-none-eabi/lib/thumb/v7-m/nofp\libc_nano.a(libc_a-fwalk.o)
                              G:/tools/STM32CubeIDE_1.13.1/STM32CubeIDE/plugins/com.st.stm32cube.ide.mcu.externaltools.gnu-tools-for-stm32.11.3.rel1.win32_1.1.1.202309131626/tools/bin/../lib/gcc/arm-none-eabi/11.3.1/../../../../arm-none-eabi/lib/thumb/v7-m/nofp\libc_nano.a(libc_a-findfp.o) (_fwalk_sglue)
G:/tools/STM32CubeIDE_1.13.1/STM32CubeIDE/plugins/com.st.stm32cube.ide.mcu.externaltools.gnu-tools-for-stm32.11.3.rel1.win32_1.1.1.202309131626/tools/bin/../lib/gcc/arm-none-eabi/11.3.1/../../../../arm-none-eabi/lib/thumb/v7-m/nofp\libc_nano.a(libc_a-sprintf.o)
                              ./Core/Src/eeprom.o (sprintf)
G:/tools/STM32CubeIDE_1.13.1/STM32CubeIDE/plugins/com.st.stm32cube.ide.mcu.externaltools.gnu-tools-for-stm32.11.3.rel1.win32_1.1.1.202309131626/tools/bin/../lib/gcc/arm-none-eabi/11.3.1/../../../../arm-none-eabi/lib/thumb/v7-m/nofp\libc_nano.a(libc_a-stdio.o)
                              G:/tools/STM32CubeIDE_1.13.1/STM32CubeIDE/plugins/com.st.stm32cube.ide.mcu.externaltools.gnu-tools-for-stm32.11.3.rel1.win32_1.1.1.202309131626/tools/bin/../lib/gcc/arm-none-eabi/11.3.1/../../../../arm-none-eabi/lib/thumb/v7-m/nofp\libc_nano.a(libc_a-findfp.o) (__sread)
G:/tools/STM32CubeIDE_1.13.1/STM32CubeIDE/plugins/com.st.stm32cube.ide.mcu.externaltools.gnu-tools-for-stm32.11.3.rel1.win32_1.1.1.202309131626/tools/bin/../lib/gcc/arm-none-eabi/11.3.1/../../../../arm-none-eabi/lib/thumb/v7-m/nofp\libc_nano.a(libc_a-memset.o)
                              G:/tools/STM32CubeIDE_1.13.1/STM32CubeIDE/plugins/com.st.stm32cube.ide.mcu.externaltools.gnu-tools-for-stm32.11.3.rel1.win32_1.1.1.202309131626/tools/bin/../lib/gcc/arm-none-eabi/11.3.1/../../../../arm-none-eabi/lib/thumb/v7-m/nofp/crt0.o (memset)
G:/tools/STM32CubeIDE_1.13.1/STM32CubeIDE/plugins/com.st.stm32cube.ide.mcu.externaltools.gnu-tools-for-stm32.11.3.rel1.win32_1.1.1.202309131626/tools/bin/../lib/gcc/arm-none-eabi/11.3.1/../../../../arm-none-eabi/lib/thumb/v7-m/nofp\libc_nano.a(libc_a-closer.o)
                              G:/tools/STM32CubeIDE_1.13.1/STM32CubeIDE/plugins/com.st.stm32cube.ide.mcu.externaltools.gnu-tools-for-stm32.11.3.rel1.win32_1.1.1.202309131626/tools/bin/../lib/gcc/arm-none-eabi/11.3.1/../../../../arm-none-eabi/lib/thumb/v7-m/nofp\libc_nano.a(libc_a-stdio.o) (_close_r)
G:/tools/STM32CubeIDE_1.13.1/STM32CubeIDE/plugins/com.st.stm32cube.ide.mcu.externaltools.gnu-tools-for-stm32.11.3.rel1.win32_1.1.1.202309131626/tools/bin/../lib/gcc/arm-none-eabi/11.3.1/../../../../arm-none-eabi/lib/thumb/v7-m/nofp\libc_nano.a(libc_a-reent.o)
                              G:/tools/STM32CubeIDE_1.13.1/STM32CubeIDE/plugins/com.st.stm32cube.ide.mcu.externaltools.gnu-tools-for-stm32.11.3.rel1.win32_1.1.1.202309131626/tools/bin/../lib/gcc/arm-none-eabi/11.3.1/../../../../arm-none-eabi/lib/thumb/v7-m/nofp\libc_nano.a(libc_a-closer.o) (errno)
G:/tools/STM32CubeIDE_1.13.1/STM32CubeIDE/plugins/com.st.stm32cube.ide.mcu.externaltools.gnu-tools-for-stm32.11.3.rel1.win32_1.1.1.202309131626/tools/bin/../lib/gcc/arm-none-eabi/11.3.1/../../../../arm-none-eabi/lib/thumb/v7-m/nofp\libc_nano.a(libc_a-impure.o)
[...]
Memory Configuration

Name             Origin             Length             Attributes
RAM              0x0000000020000000 0x0000000000002800 xrw
FLASH            0x0000000008000000 0x0000000000008000 xr
*default*        0x0000000000000000 0xffffffffffffffff

Linker script and memory map

LOAD G:/tools/STM32CubeIDE_1.13.1/STM32CubeIDE/plugins/com.st.stm32cube.ide.mcu.externaltools.gnu-tools-for-stm32.11.3.rel1.win32_1.1.1.202309131626/tools/bin/../lib/gcc/arm-none-eabi/11.3.1/thumb/v7-m/nofp/crti.o
LOAD G:/tools/STM32CubeIDE_1.13.1/STM32CubeIDE/plugins/com.st.stm32cube.ide.mcu.externaltools.gnu-tools-for-stm32.11.3.rel1.win32_1.1.1.202309131626/tools/bin/../lib/gcc/arm-none-eabi/11.3.1/thumb/v7-m/nofp/crtbegin.o
LOAD G:/tools/STM32CubeIDE_1.13.1/STM32CubeIDE/plugins/com.st.stm32cube.ide.mcu.externaltools.gnu-tools-for-stm32.11.3.rel1.win32_1.1.1.202309131626/tools/bin/../lib/gcc/arm-none-eabi/11.3.1/../../../../arm-none-eabi/lib/thumb/v7-m/nofp/crt0.o
LOAD ./Core/Src/common.o
LOAD ./Core/Src/eeprom.o
LOAD ./Core/Src/fonts.o
LOAD ./Core/Src/gui.o
LOAD ./Core/Src/heater.o
LOAD ./Core/Src/input.o
LOAD ./Core/Src/main.o
LOAD ./Core/Src/ssd1306.o
LOAD ./Core/Src/stm32f1xx_hal_msp.o
LOAD ./Core/Src/stm32f1xx_it.o
LOAD ./Core/Src/syscalls.o
LOAD ./Core/Src/sysmem.o
LOAD ./Core/Src/system_stm32f1xx.o
LOAD ./Core/Src/test.o
LOAD ./Core/Startup/startup_stm32f103c6tx.o
LOAD ./Drivers/STM32F1xx_HAL_Driver/Src/stm32f1xx_hal.o
LOAD ./Drivers/STM32F1xx_HAL_Driver/Src/stm32f1xx_hal_adc.o
LOAD ./Drivers/STM32F1xx_HAL_Driver/Src/stm32f1xx_hal_adc_ex.o
LOAD ./Drivers/STM32F1xx_HAL_Driver/Src/stm32f1xx_hal_cortex.o
LOAD ./Drivers/STM32F1xx_HAL_Driver/Src/stm32f1xx_hal_dma.o
LOAD ./Drivers/STM32F1xx_HAL_Driver/Src/stm32f1xx_hal_exti.o
LOAD ./Drivers/STM32F1xx_HAL_Driver/Src/stm32f1xx_hal_flash.o
LOAD ./Drivers/STM32F1xx_HAL_Driver/Src/stm32f1xx_hal_flash_ex.o
LOAD ./Drivers/STM32F1xx_HAL_Driver/Src/stm32f1xx_hal_gpio.o
LOAD ./Drivers/STM32F1xx_HAL_Driver/Src/stm32f1xx_hal_gpio_ex.o
LOAD ./Drivers/STM32F1xx_HAL_Driver/Src/stm32f1xx_hal_i2c.o
LOAD ./Drivers/STM32F1xx_HAL_Driver/Src/stm32f1xx_hal_pwr.o
LOAD ./Drivers/STM32F1xx_HAL_Driver/Src/stm32f1xx_hal_rcc.o
LOAD ./Drivers/STM32F1xx_HAL_Driver/Src/stm32f1xx_hal_rcc_ex.o
LOAD ./Drivers/STM32F1xx_HAL_Driver/Src/stm32f1xx_hal_tim.o
LOAD ./Drivers/STM32F1xx_HAL_Driver/Src/stm32f1xx_hal_tim_ex.o
LOAD ./Drivers/STM32F1xx_HAL_Driver/Src/stm32f1xx_hal_uart.o
START GROUP
LOAD G:/tools/STM32CubeIDE_1.13.1/STM32CubeIDE/plugins/com.st.stm32cube.ide.mcu.externaltools.gnu-tools-for-stm32.11.3.rel1.win32_1.1.1.202309131626/tools/bin/../lib/gcc/arm-none-eabi/11.3.1/../../../../arm-none-eabi/lib/thumb/v7-m/nofp\libc_nano.a
LOAD G:/tools/STM32CubeIDE_1.13.1/STM32CubeIDE/plugins/com.st.stm32cube.ide.mcu.externaltools.gnu-tools-for-stm32.11.3.rel1.win32_1.1.1.202309131626/tools/bin/../lib/gcc/arm-none-eabi/11.3.1/../../../../arm-none-eabi/lib/thumb/v7-m/nofp\libm.a
END GROUP
START GROUP
LOAD G:/tools/STM32CubeIDE_1.13.1/STM32CubeIDE/plugins/com.st.stm32cube.ide.mcu.externaltools.gnu-tools-for-stm32.11.3.rel1.win32_1.1.1.202309131626/tools/bin/../lib/gcc/arm-none-eabi/11.3.1/thumb/v7-m/nofp\libgcc.a
LOAD G:/tools/STM32CubeIDE_1.13.1/STM32CubeIDE/plugins/com.st.stm32cube.ide.mcu.externaltools.gnu-tools-for-stm32.11.3.rel1.win32_1.1.1.202309131626/tools/bin/../lib/gcc/arm-none-eabi/11.3.1/../../../../arm-none-eabi/lib/thumb/v7-m/nofp\libc_nano.a
END GROUP
START GROUP
LOAD G:/tools/STM32CubeIDE_1.13.1/STM32CubeIDE/plugins/com.st.stm32cube.ide.mcu.externaltools.gnu-tools-for-stm32.11.3.rel1.win32_1.1.1.202309131626/tools/bin/../lib/gcc/arm-none-eabi/11.3.1/thumb/v7-m/nofp\libgcc.a
LOAD G:/tools/STM32CubeIDE_1.13.1/STM32CubeIDE/plugins/com.st.stm32cube.ide.mcu.externaltools.gnu-tools-for-stm32.11.3.rel1.win32_1.1.1.202309131626/tools/bin/../lib/gcc/arm-none-eabi/11.3.1/../../../../arm-none-eabi/lib/thumb/v7-m/nofp\libc_nano.a
LOAD G:/tools/STM32CubeIDE_1.13.1/STM32CubeIDE/plugins/com.st.stm32cube.ide.mcu.externaltools.gnu-tools-for-stm32.11.3.rel1.win32_1.1.1.202309131626/tools/bin/../lib/gcc/arm-none-eabi/11.3.1/../../../../arm-none-eabi/lib/thumb/v7-m/nofp\libnosys.a
END GROUP
START GROUP
LOAD G:/tools/STM32CubeIDE_1.13.1/STM32CubeIDE/plugins/com.st.stm32cube.ide.mcu.externaltools.gnu-tools-for-stm32.11.3.rel1.win32_1.1.1.202309131626/tools/bin/../lib/gcc/arm-none-eabi/11.3.1/thumb/v7-m/nofp\libgcc.a
LOAD G:/tools/STM32CubeIDE_1.13.1/STM32CubeIDE/plugins/com.st.stm32cube.ide.mcu.externaltools.gnu-tools-for-stm32.11.3.rel1.win32_1.1.1.202309131626/tools/bin/../lib/gcc/arm-none-eabi/11.3.1/../../../../arm-none-eabi/lib/thumb/v7-m/nofp\libc_nano.a
LOAD G:/tools/STM32CubeIDE_1.13.1/STM32CubeIDE/plugins/com.st.stm32cube.ide.mcu.externaltools.gnu-tools-for-stm32.11.3.rel1.win32_1.1.1.202309131626/tools/bin/../lib/gcc/arm-none-eabi/11.3.1/../../../../arm-none-eabi/lib/thumb/v7-m/nofp\libnosys.a
END GROUP
LOAD G:/tools/STM32CubeIDE_1.13.1/STM32CubeIDE/plugins/com.st.stm32cube.ide.mcu.externaltools.gnu-tools-for-stm32.11.3.rel1.win32_1.1.1.202309131626/tools/bin/../lib/gcc/arm-none-eabi/11.3.1/thumb/v7-m/nofp/crtend.o
LOAD G:/tools/STM32CubeIDE_1.13.1/STM32CubeIDE/plugins/com.st.stm32cube.ide.mcu.externaltools.gnu-tools-for-stm32.11.3.rel1.win32_1.1.1.202309131626/tools/bin/../lib/gcc/arm-none-eabi/11.3.1/thumb/v7-m/nofp/crtn.o
                0x0000000020002800                _estack = (ORIGIN (RAM) + LENGTH (RAM))
                0x0000000000000200                _Min_Heap_Size = 0x200
                0x0000000000000400                _Min_Stack_Size = 0x400

.isr_vector     0x0000000008000000      0x10c
                0x0000000008000000                . = ALIGN (0x4)
 *(.isr_vector)
 .isr_vector    0x0000000008000000      0x10c ./Core/Startup/startup_stm32f103c6tx.o
                0x0000000008000000                g_pfnVectors
                0x000000000800010c                . = ALIGN (0x4)

.text           0x000000000800010c     0x3a0c
                0x000000000800010c                . = ALIGN (0x4)
 *(.text)
 .text          0x000000000800010c       0x40 G:/tools/STM32CubeIDE_1.13.1/STM32CubeIDE/plugins/com.st.stm32cube.ide.mcu.externaltools.gnu-tools-for-stm32.11.3.rel1.win32_1.1.1.202309131626/tools/bin/../lib/gcc/arm-none-eabi/11.3.1/thumb/v7-m/nofp/crtbegin.o
 .text          0x000000000800014c      0x21c G:/tools/STM32CubeIDE_1.13.1/STM32CubeIDE/plugins/com.st.stm32cube.ide.mcu.externaltools.gnu-tools-for-stm32.11.3.rel1.win32_1.1.1.202309131626/tools/bin/../lib/gcc/arm-none-eabi/11.3.1/thumb/v7-m/nofp\libgcc.a(_arm_addsubsf3.o)
                0x000000000800014c                __aeabi_frsub
                0x0000000008000154                __subsf3
                0x0000000008000154                __aeabi_fsub
                0x0000000008000158                __aeabi_fadd
                0x0000000008000158                __addsf3
                0x00000000080002b8                __aeabi_ui2f
                0x00000000080002b8                __floatunsisf
                0x00000000080002c0                __aeabi_i2f
                0x00000000080002c0                __floatsisf
                0x00000000080002dc                __aeabi_ul2f
                0x00000000080002dc                __floatundisf
                0x00000000080002ec                __aeabi_l2f
                0x00000000080002ec                __floatdisf
 .text          0x0000000008000368      0x2a0 G:/tools/STM32CubeIDE_1.13.1/STM32CubeIDE/plugins/com.st.stm32cube.ide.mcu.externaltools.gnu-tools-for-stm32.11.3.rel1.win32_1.1.1.202309131626/tools/bin/../lib/gcc/arm-none-eabi/11.3.1/thumb/v7-m/nofp\libgcc.a(_arm_muldivsf3.o)
                0x0000000008000368                __mulsf3
                0x0000000008000368                __aeabi_fmul
                0x00000000080004d0                __aeabi_fdiv
                0x00000000080004d0                __divsf3
 .text          0x0000000008000608       0xec G:/tools/STM32CubeIDE_1.13.1/STM32CubeIDE/plugins/com.st.stm32cube.ide.mcu.externaltools.gnu-tools-for-stm32.11.3.rel1.win32_1.1.1.202309131626/tools/bin/../lib/gcc/arm-none-eabi/11.3.1/thumb/v7-m/nofp\libgcc.a(_arm_cmpsf2.o)
                0x0000000008000608                __gesf2
                0x0000000008000608                __gtsf2
                0x0000000008000610                __lesf2
                0x0000000008000610                __ltsf2
                0x0000000008000618                __nesf2
                0x0000000008000618                __eqsf2
                0x0000000008000618                __cmpsf2
                0x0000000008000678                __aeabi_cfrcmple
                0x0000000008000680                __aeabi_cfcmpeq
                0x0000000008000680                __aeabi_cfcmple
                0x0000000008000690                __aeabi_fcmpeq
                0x00000000080006a4                __aeabi_fcmplt
                0x00000000080006b8                __aeabi_fcmple
                0x00000000080006cc                __aeabi_fcmpge
                0x00000000080006e0                __aeabi_fcmpgt
 .text          0x00000000080006f4       0x40 G:/tools/STM32CubeIDE_1.13.1/STM32CubeIDE/plugins/com.st.stm32cube.ide.mcu.externaltools.gnu-tools-for-stm32.11.3.rel1.win32_1.1.1.202309131626/tools/bin/../lib/gcc/arm-none-eabi/11.3.1/thumb/v7-m/nofp\libgcc.a(_arm_fixunssfsi.o)
                0x00000000080006f4                __fixunssfsi
                0x00000000080006f4                __aeabi_f2uiz
 *(.text*)
 .text.stateSetMode
                0x0000000008000734       0x48 ./Core/Src/common.o
                0x0000000008000734                stateSetMode
 .text.stateModeIs
                0x000000000800077c       0x10 ./Core/Src/common.o
                0x000000000800077c                stateModeIs
 .text.checkStateTimeout
                0x000000000800078c       0x48 ./Core/Src/common.o
                0x000000000800078c                checkStateTimeout
 .text.getState
                0x00000000080007d4        0x8 ./Core/Src/common.o
                0x00000000080007d4                getState
 .text.cfgInit  0x00000000080007dc       0x14 ./Core/Src/eeprom.o
                0x00000000080007dc                cfgInit
 .text.guiInit  0x00000000080007f0        0x4 ./Core/Src/gui.o
                0x00000000080007f0                guiInit
 .text.guiUpdate
                0x00000000080007f4      0x120 ./Core/Src/gui.o
                0x00000000080007f4                guiUpdate
 .text.map      0x0000000008000914       0x72 ./Core/Src/heater.o
                0x0000000008000914                map
 *fill*         0x0000000008000986        0x2 
 .text.heaterTargetAdcV
                0x0000000008000988        0xc ./Core/Src/heater.o
                0x0000000008000988                heaterTargetAdcV
 .text.heaterWarmTargetAdcV
                0x0000000008000994        0xc ./Core/Src/heater.o
                0x0000000008000994                heaterWarmTargetAdcV
 .text.heaterHighTargetAdcV
                0x00000000080009a0        0xc ./Core/Src/heater.o
                0x00000000080009a0                heaterHighTargetAdcV
 .text.heaterOn
                0x00000000080009ac       0x10 ./Core/Src/heater.o
                0x00000000080009ac                heaterOn
 .text.heaterOff
                0x00000000080009bc       0x10 ./Core/Src/heater.o
                0x00000000080009bc                heaterOff
 .text.heaterEnable
                0x00000000080009cc       0x18 ./Core/Src/heater.o
                0x00000000080009cc                heaterEnable
 .text.temp2V   0x00000000080009e4       0x54 ./Core/Src/heater.o
                0x00000000080009e4                temp2V
 .text.heaterInit
                0x0000000008000a38       0x80 ./Core/Src/heater.o
                0x0000000008000a38                heaterInit
 .text.heaterSetTemp
                0x0000000008000ab8       0x34 ./Core/Src/heater.o
                0x0000000008000ab8                heaterSetTemp
 .text.heaterCheckTemp
                0x0000000008000aec       0x64 ./Core/Src/heater.o
                0x0000000008000aec                heaterCheckTemp
 .text.v2temp   0x0000000008000b50       0x58 ./Core/Src/heater.o
                0x0000000008000b50                v2temp
 .text.input_init
                0x0000000008000ba8       0x10 ./Core/Src/input.o
                0x0000000008000ba8                input_init
 .text.isExti   0x0000000008000bb8       0x10 ./Core/Src/input.o
                0x0000000008000bb8                isExti
 .text.resetExti
                0x0000000008000bc8        0xc ./Core/Src/input.o
                0x0000000008000bc8                resetExti
 .text.encoderGetTick
                0x0000000008000bd4        0xc ./Core/Src/input.o
                0x0000000008000bd4                encoderGetTick
 .text.encoderSetTick
                0x0000000008000be0        0xc ./Core/Src/input.o
                0x0000000008000be0                encoderSetTick
 .text.isPaddleDownS
                0x0000000008000bec       0x18 ./Core/Src/input.o
                0x0000000008000bec                isPaddleDownS
 .text.isHandleDocked
                0x0000000008000c04       0x18 ./Core/Src/input.o
                0x0000000008000c04                isHandleDocked
 .text.exti_callback
                0x0000000008000c1c      0x148 ./Core/Src/input.o
                0x0000000008000c1c                exti_callback
 .text.checkHighPowerPaddle
                0x0000000008000d64       0x24 ./Core/Src/input.o
                0x0000000008000d64                checkHighPowerPaddle
 .text.sendMsg  0x0000000008000d88       0x14 ./Core/Src/main.o
                0x0000000008000d88                sendMsg
 .text.checkState
                0x0000000008000d9c       0x12 ./Core/Src/main.o
                0x0000000008000d9c                checkState
 .text.SystemClock_Config
                0x0000000008000dae       0x7e ./Core/Src/main.o
                0x0000000008000dae                SystemClock_Config
 .text.startup.main
                0x0000000008000e2c      0x3cc ./Core/Src/main.o
                0x0000000008000e2c                main
 .text.HAL_GPIO_EXTI_Callback
                0x00000000080011f8        0x4 ./Core/Src/main.o
                0x00000000080011f8                HAL_GPIO_EXTI_Callback
 .text.HAL_ADC_ConvCpltCallback
                0x00000000080011fc       0x78 ./Core/Src/main.o
                0x00000000080011fc                HAL_ADC_ConvCpltCallback
 .text.HAL_TIM_PeriodElapsedCallback
                0x0000000008001274       0x38 ./Core/Src/main.o
                0x0000000008001274                HAL_TIM_PeriodElapsedCallback
 .text.Error_Handler
                0x00000000080012ac        0x4 ./Core/Src/main.o
                0x00000000080012ac                Error_Handler
 .text.SSD1306_Fill
                0x00000000080012b0       0x18 ./Core/Src/ssd1306.o
                0x00000000080012b0                SSD1306_Fill
 .text.SSD1306_DrawPixel
                0x00000000080012c8       0x48 ./Core/Src/ssd1306.o
                0x00000000080012c8                SSD1306_DrawPixel
 .text.SSD1306_GotoXY
                0x0000000008001310        0xc ./Core/Src/ssd1306.o
                0x0000000008001310                SSD1306_GotoXY
 .text.SSD1306_Putc
                0x000000000800131c       0x9c ./Core/Src/ssd1306.o
                0x000000000800131c                SSD1306_Putc
 .text.SSD1306_Puts
                0x00000000080013b8       0x20 ./Core/Src/ssd1306.o
                0x00000000080013b8                SSD1306_Puts
 .text.ssd1306_I2C_WriteMulti
                0x00000000080013d8       0x3c ./Core/Src/ssd1306.o
                0x00000000080013d8                ssd1306_I2C_WriteMulti
 .text.ssd1306_I2C_Write
                0x0000000008001414       0x24 ./Core/Src/ssd1306.o
                0x0000000008001414                ssd1306_I2C_Write
 .text.SSD1306_UpdateScreen
                0x0000000008001438       0x44 ./Core/Src/ssd1306.o
                0x0000000008001438                SSD1306_UpdateScreen
 .text.SSD1306_Clear
                0x000000000800147c       0x10 ./Core/Src/ssd1306.o
                0x000000000800147c                SSD1306_Clear
 .text.SSD1306_Init
                0x000000000800148c      0x15c ./Core/Src/ssd1306.o
                0x000000000800148c                SSD1306_Init
 .text.HAL_MspInit
                0x00000000080015e8       0x44 ./Core/Src/stm32f1xx_hal_msp.o
                0x00000000080015e8                HAL_MspInit
 .text.HAL_ADC_MspInit
                0x000000000800162c       0xa8 ./Core/Src/stm32f1xx_hal_msp.o
                0x000000000800162c                HAL_ADC_MspInit
 .text.HAL_I2C_MspInit
                0x00000000080016d4       0x64 ./Core/Src/stm32f1xx_hal_msp.o
                0x00000000080016d4                HAL_I2C_MspInit
 .text.HAL_TIM_Base_MspInit
                0x0000000008001738       0x60 ./Core/Src/stm32f1xx_hal_msp.o
                0x0000000008001738                HAL_TIM_Base_MspInit
 .text.HAL_TIM_MspPostInit
                0x0000000008001798       0x4c ./Core/Src/stm32f1xx_hal_msp.o
                0x0000000008001798                HAL_TIM_MspPostInit
 .text.HAL_UART_MspInit
                0x00000000080017e4       0x78 ./Core/Src/stm32f1xx_hal_msp.o
                0x00000000080017e4                HAL_UART_MspInit
 .text.NMI_Handler
                0x000000000800185c        0x2 ./Core/Src/stm32f1xx_it.o
                0x000000000800185c                NMI_Handler
 .text.HardFault_Handler
                0x000000000800185e        0x2 ./Core/Src/stm32f1xx_it.o
                0x000000000800185e                HardFault_Handler
 .text.MemManage_Handler
                0x0000000008001860        0x2 ./Core/Src/stm32f1xx_it.o
                0x0000000008001860                MemManage_Handler
 .text.BusFault_Handler
                0x0000000008001862        0x2 ./Core/Src/stm32f1xx_it.o
                0x0000000008001862                BusFault_Handler
 .text.UsageFault_Handler
                0x0000000008001864        0x2 ./Core/Src/stm32f1xx_it.o
                0x0000000008001864                UsageFault_Handler
 .text.SVC_Handler
                0x0000000008001866        0x2 ./Core/Src/stm32f1xx_it.o
                0x0000000008001866                SVC_Handler
 .text.DebugMon_Handler
                0x0000000008001868        0x2 ./Core/Src/stm32f1xx_it.o
                0x0000000008001868                DebugMon_Handler
 .text.PendSV_Handler
                0x000000000800186a        0x2 ./Core/Src/stm32f1xx_it.o
                0x000000000800186a                PendSV_Handler
 .text.SysTick_Handler
                0x000000000800186c        0x4 ./Core/Src/stm32f1xx_it.o
                0x000000000800186c                SysTick_Handler
 .text.DMA1_Channel1_IRQHandler
                0x0000000008001870        0xc ./Core/Src/stm32f1xx_it.o
                0x0000000008001870                DMA1_Channel1_IRQHandler
 .text.ADC1_2_IRQHandler
                0x000000000800187c        0xc ./Core/Src/stm32f1xx_it.o
                0x000000000800187c                ADC1_2_IRQHandler
 .text.TIM2_IRQHandler
                0x0000000008001888        0xc ./Core/Src/stm32f1xx_it.o
                0x0000000008001888                TIM2_IRQHandler
 .text.EXTI15_10_IRQHandler
                0x0000000008001894       0x1e ./Core/Src/stm32f1xx_it.o
                0x0000000008001894                EXTI15_10_IRQHandler
 .text.SystemInit
                0x00000000080018b2        0x2 ./Core/Src/system_stm32f1xx.o
                0x00000000080018b2                SystemInit
 .text.Reset_Handler
                0x00000000080018b4       0x48 ./Core/Startup/startup_stm32f103c6tx.o
                0x00000000080018b4                Reset_Handler
 .text.Default_Handler
                0x00000000080018fc        0x2 ./Core/Startup/startup_stm32f103c6tx.o
                0x00000000080018fc                RTC_Alarm_IRQHandler
                0x00000000080018fc                EXTI2_IRQHandler
                0x00000000080018fc                TIM1_CC_IRQHandler
                0x00000000080018fc                PVD_IRQHandler
                0x00000000080018fc                EXTI3_IRQHandler
                0x00000000080018fc                EXTI0_IRQHandler
                0x00000000080018fc                SPI1_IRQHandler
                0x00000000080018fc                TAMPER_IRQHandler
                0x00000000080018fc                DMA1_Channel4_IRQHandler
                0x00000000080018fc                RTC_IRQHandler
                0x00000000080018fc                DMA1_Channel7_IRQHandler
                0x00000000080018fc                CAN1_RX1_IRQHandler
                0x00000000080018fc                I2C1_EV_IRQHandler
                0x00000000080018fc                DMA1_Channel6_IRQHandler
                0x00000000080018fc                TIM3_IRQHandler
                0x00000000080018fc                RCC_IRQHandler
                0x00000000080018fc                TIM1_TRG_COM_IRQHandler
                0x00000000080018fc                Default_Handler
                0x00000000080018fc                EXTI9_5_IRQHandler
                0x00000000080018fc                DMA1_Channel5_IRQHandler
                0x00000000080018fc                EXTI4_IRQHandler
                0x00000000080018fc                USB_LP_CAN1_RX0_IRQHandler
                0x00000000080018fc                USB_HP_CAN1_TX_IRQHandler
                0x00000000080018fc                DMA1_Channel3_IRQHandler
                0x00000000080018fc                TIM1_UP_IRQHandler
                0x00000000080018fc                WWDG_IRQHandler
                0x00000000080018fc                TIM1_BRK_IRQHandler
                0x00000000080018fc                EXTI1_IRQHandler
                0x00000000080018fc                USART2_IRQHandler
                0x00000000080018fc                DMA1_Channel2_IRQHandler
                0x00000000080018fc                CAN1_SCE_IRQHandler
                0x00000000080018fc                FLASH_IRQHandler
                0x00000000080018fc                USART1_IRQHandler
                0x00000000080018fc                I2C1_ER_IRQHandler
                0x00000000080018fc                USBWakeUp_IRQHandler
 *fill*         0x00000000080018fe        0x2 
 .text.HAL_InitTick
                0x0000000008001900       0x48 ./Drivers/STM32F1xx_HAL_Driver/Src/stm32f1xx_hal.o
                0x0000000008001900                HAL_InitTick
 .text.HAL_Init
                0x0000000008001948       0x24 ./Drivers/STM32F1xx_HAL_Driver/Src/stm32f1xx_hal.o
                0x0000000008001948                HAL_Init
 .text.HAL_IncTick
                0x000000000800196c       0x18 ./Drivers/STM32F1xx_HAL_Driver/Src/stm32f1xx_hal.o
                0x000000000800196c                HAL_IncTick
 .text.HAL_GetTick
                0x0000000008001984        0xc ./Drivers/STM32F1xx_HAL_Driver/Src/stm32f1xx_hal.o
                0x0000000008001984                HAL_GetTick
 .text.ADC_DMAConvCplt
                0x0000000008001990       0x4e ./Drivers/STM32F1xx_HAL_Driver/Src/stm32f1xx_hal_adc.o
                0x0000000008001990                ADC_DMAConvCplt
 .text.HAL_ADC_ConvHalfCpltCallback
                0x00000000080019de        0x2 ./Drivers/STM32F1xx_HAL_Driver/Src/stm32f1xx_hal_adc.o
                0x00000000080019de                HAL_ADC_ConvHalfCpltCallback
 .text.ADC_DMAHalfConvCplt
                0x00000000080019e0        0xa ./Drivers/STM32F1xx_HAL_Driver/Src/stm32f1xx_hal_adc.o
                0x00000000080019e0                ADC_DMAHalfConvCplt
 .text.HAL_ADC_LevelOutOfWindowCallback
                0x00000000080019ea        0x2 ./Drivers/STM32F1xx_HAL_Driver/Src/stm32f1xx_hal_adc.o
                0x00000000080019ea                HAL_ADC_LevelOutOfWindowCallback
 .text.HAL_ADC_IRQHandler
                0x00000000080019ec       0xe2 ./Drivers/STM32F1xx_HAL_Driver/Src/stm32f1xx_hal_adc.o
                0x00000000080019ec                HAL_ADC_IRQHandler
 .text.HAL_ADC_ErrorCallback
                0x0000000008001ace        0x2 ./Drivers/STM32F1xx_HAL_Driver/Src/stm32f1xx_hal_adc.o
                0x0000000008001ace                HAL_ADC_ErrorCallback
 .text.ADC_DMAError
                0x0000000008001ad0       0x1a ./Drivers/STM32F1xx_HAL_Driver/Src/stm32f1xx_hal_adc.o
                0x0000000008001ad0                ADC_DMAError
 *fill*         0x0000000008001aea        0x2 
 .text.HAL_ADC_ConfigChannel
                0x0000000008001aec       0xfc ./Drivers/STM32F1xx_HAL_Driver/Src/stm32f1xx_hal_adc.o
                0x0000000008001aec                HAL_ADC_ConfigChannel
 .text.ADC_Enable
                0x0000000008001be8       0x78 ./Drivers/STM32F1xx_HAL_Driver/Src/stm32f1xx_hal_adc.o
                0x0000000008001be8                ADC_Enable
 .text.HAL_ADC_Start_DMA
                0x0000000008001c60      0x11c ./Drivers/STM32F1xx_HAL_Driver/Src/stm32f1xx_hal_adc.o
                0x0000000008001c60                HAL_ADC_Start_DMA
 .text.ADC_ConversionStop_Disable
                0x0000000008001d7c       0x4c ./Drivers/STM32F1xx_HAL_Driver/Src/stm32f1xx_hal_adc.o
                0x0000000008001d7c                ADC_ConversionStop_Disable
 .text.HAL_ADC_Init
                0x0000000008001dc8       0xfc ./Drivers/STM32F1xx_HAL_Driver/Src/stm32f1xx_hal_adc.o
                0x0000000008001dc8                HAL_ADC_Init
 .text.HAL_ADCEx_Calibration_Start
                0x0000000008001ec4       0xe0 ./Drivers/STM32F1xx_HAL_Driver/Src/stm32f1xx_hal_adc_ex.o
                0x0000000008001ec4                HAL_ADCEx_Calibration_Start
 .text.HAL_ADCEx_InjectedConvCpltCallback
                0x0000000008001fa4        0x2 ./Drivers/STM32F1xx_HAL_Driver/Src/stm32f1xx_hal_adc_ex.o
                0x0000000008001fa4                HAL_ADCEx_InjectedConvCpltCallback
 *fill*         0x0000000008001fa6        0x2 
 .text.HAL_NVIC_SetPriorityGrouping
                0x0000000008001fa8       0x24 ./Drivers/STM32F1xx_HAL_Driver/Src/stm32f1xx_hal_cortex.o
                0x0000000008001fa8                HAL_NVIC_SetPriorityGrouping
 .text.HAL_NVIC_SetPriority
                0x0000000008001fcc       0x60 ./Drivers/STM32F1xx_HAL_Driver/Src/stm32f1xx_hal_cortex.o
                0x0000000008001fcc                HAL_NVIC_SetPriority
 .text.HAL_NVIC_EnableIRQ
                0x000000000800202c       0x1c ./Drivers/STM32F1xx_HAL_Driver/Src/stm32f1xx_hal_cortex.o
                0x000000000800202c                HAL_NVIC_EnableIRQ
 .text.HAL_SYSTICK_Config
                0x0000000008002048       0x28 ./Drivers/STM32F1xx_HAL_Driver/Src/stm32f1xx_hal_cortex.o
                0x0000000008002048                HAL_SYSTICK_Config
 .text.HAL_DMA_Init
                0x0000000008002070       0x64 ./Drivers/STM32F1xx_HAL_Driver/Src/stm32f1xx_hal_dma.o
                0x0000000008002070                HAL_DMA_Init
 .text.HAL_DMA_Start_IT
                0x00000000080020d4       0x7e ./Drivers/STM32F1xx_HAL_Driver/Src/stm32f1xx_hal_dma.o
                0x00000000080020d4                HAL_DMA_Start_IT
 *fill*         0x0000000008002152        0x2 
 .text.HAL_DMA_IRQHandler
                0x0000000008002154      0x128 ./Drivers/STM32F1xx_HAL_Driver/Src/stm32f1xx_hal_dma.o
                0x0000000008002154                HAL_DMA_IRQHandler
 .text.HAL_GPIO_Init
                0x000000000800227c      0x1ac ./Drivers/STM32F1xx_HAL_Driver/Src/stm32f1xx_hal_gpio.o
                0x000000000800227c                HAL_GPIO_Init
 .text.HAL_GPIO_ReadPin
                0x0000000008002428        0xc ./Drivers/STM32F1xx_HAL_Driver/Src/stm32f1xx_hal_gpio.o
                0x0000000008002428                HAL_GPIO_ReadPin
 .text.HAL_GPIO_WritePin
                0x0000000008002434        0xa ./Drivers/STM32F1xx_HAL_Driver/Src/stm32f1xx_hal_gpio.o
                0x0000000008002434                HAL_GPIO_WritePin
 *fill*         0x000000000800243e        0x2 
 .text.HAL_GPIO_EXTI_IRQHandler
                0x0000000008002440       0x18 ./Drivers/STM32F1xx_HAL_Driver/Src/stm32f1xx_hal_gpio.o
                0x0000000008002440                HAL_GPIO_EXTI_IRQHandler
 .text.I2C_IsAcknowledgeFailed
                0x0000000008002458       0x32 ./Drivers/STM32F1xx_HAL_Driver/Src/stm32f1xx_hal_i2c.o
 .text.I2C_WaitOnFlagUntilTimeout
                0x000000000800248a       0x80 ./Drivers/STM32F1xx_HAL_Driver/Src/stm32f1xx_hal_i2c.o
 .text.I2C_WaitOnMasterAddressFlagUntilTimeout
                0x000000000800250a       0x84 ./Drivers/STM32F1xx_HAL_Driver/Src/stm32f1xx_hal_i2c.o
 .text.I2C_WaitOnTXEFlagUntilTimeout
                0x000000000800258e       0x54 ./Drivers/STM32F1xx_HAL_Driver/Src/stm32f1xx_hal_i2c.o
 .text.I2C_WaitOnBTFFlagUntilTimeout
                0x00000000080025e2       0x54 ./Drivers/STM32F1xx_HAL_Driver/Src/stm32f1xx_hal_i2c.o
 *fill*         0x0000000008002636        0x2 
 .text.HAL_I2C_Init
                0x0000000008002638      0x150 ./Drivers/STM32F1xx_HAL_Driver/Src/stm32f1xx_hal_i2c.o
                0x0000000008002638                HAL_I2C_Init
 .text.HAL_I2C_Master_Transmit
                0x0000000008002788      0x1b0 ./Drivers/STM32F1xx_HAL_Driver/Src/stm32f1xx_hal_i2c.o
                0x0000000008002788                HAL_I2C_Master_Transmit
 .text.HAL_I2C_IsDeviceReady
                0x0000000008002938      0x160 ./Drivers/STM32F1xx_HAL_Driver/Src/stm32f1xx_hal_i2c.o
                0x0000000008002938                HAL_I2C_IsDeviceReady
 .text.HAL_RCC_OscConfig
                0x0000000008002a98      0x338 ./Drivers/STM32F1xx_HAL_Driver/Src/stm32f1xx_hal_rcc.o
                0x0000000008002a98                HAL_RCC_OscConfig
 .text.HAL_RCC_GetSysClockFreq
                0x0000000008002dd0       0x4c ./Drivers/STM32F1xx_HAL_Driver/Src/stm32f1xx_hal_rcc.o
                0x0000000008002dd0                HAL_RCC_GetSysClockFreq
 .text.HAL_RCC_ClockConfig
                0x0000000008002e1c      0x138 ./Drivers/STM32F1xx_HAL_Driver/Src/stm32f1xx_hal_rcc.o
                0x0000000008002e1c                HAL_RCC_ClockConfig
 .text.HAL_RCC_GetPCLK1Freq
                0x0000000008002f54       0x20 ./Drivers/STM32F1xx_HAL_Driver/Src/stm32f1xx_hal_rcc.o
                0x0000000008002f54                HAL_RCC_GetPCLK1Freq
 .text.HAL_RCC_GetPCLK2Freq
                0x0000000008002f74       0x20 ./Drivers/STM32F1xx_HAL_Driver/Src/stm32f1xx_hal_rcc.o
                0x0000000008002f74                HAL_RCC_GetPCLK2Freq
 .text.HAL_RCCEx_PeriphCLKConfig
                0x0000000008002f94       0xf4 ./Drivers/STM32F1xx_HAL_Driver/Src/stm32f1xx_hal_rcc_ex.o
                0x0000000008002f94                HAL_RCCEx_PeriphCLKConfig
 .text.HAL_RCCEx_GetPeriphCLKFreq
                0x0000000008003088       0xbc ./Drivers/STM32F1xx_HAL_Driver/Src/stm32f1xx_hal_rcc_ex.o
                0x0000000008003088                HAL_RCCEx_GetPeriphCLKFreq
 .text.TIM_OC1_SetConfig
                0x0000000008003144       0x50 ./Drivers/STM32F1xx_HAL_Driver/Src/stm32f1xx_hal_tim.o
 .text.TIM_OC3_SetConfig
                0x0000000008003194       0x54 ./Drivers/STM32F1xx_HAL_Driver/Src/stm32f1xx_hal_tim.o
 .text.TIM_OC4_SetConfig
                0x00000000080031e8       0x44 ./Drivers/STM32F1xx_HAL_Driver/Src/stm32f1xx_hal_tim.o
 .text.HAL_TIM_Base_Start_IT
                0x000000000800322c       0x4c ./Drivers/STM32F1xx_HAL_Driver/Src/stm32f1xx_hal_tim.o
                0x000000000800322c                HAL_TIM_Base_Start_IT
 .text.HAL_TIM_PWM_MspInit
                0x0000000008003278        0x2 ./Drivers/STM32F1xx_HAL_Driver/Src/stm32f1xx_hal_tim.o
                0x0000000008003278                HAL_TIM_PWM_MspInit
 .text.HAL_TIM_OC_DelayElapsedCallback
                0x000000000800327a        0x2 ./Drivers/STM32F1xx_HAL_Driver/Src/stm32f1xx_hal_tim.o
                0x000000000800327a                HAL_TIM_OC_DelayElapsedCallback
 .text.HAL_TIM_IC_CaptureCallback
                0x000000000800327c        0x2 ./Drivers/STM32F1xx_HAL_Driver/Src/stm32f1xx_hal_tim.o
                0x000000000800327c                HAL_TIM_IC_CaptureCallback
 .text.HAL_TIM_PWM_PulseFinishedCallback
                0x000000000800327e        0x2 ./Drivers/STM32F1xx_HAL_Driver/Src/stm32f1xx_hal_tim.o
                0x000000000800327e                HAL_TIM_PWM_PulseFinishedCallback
 .text.HAL_TIM_TriggerCallback
                0x0000000008003280        0x2 ./Drivers/STM32F1xx_HAL_Driver/Src/stm32f1xx_hal_tim.o
                0x0000000008003280                HAL_TIM_TriggerCallback
 .text.HAL_TIM_IRQHandler
                0x0000000008003282      0x144 ./Drivers/STM32F1xx_HAL_Driver/Src/stm32f1xx_hal_tim.o
                0x0000000008003282                HAL_TIM_IRQHandler
 *fill*         0x00000000080033c6        0x2 
 .text.TIM_Base_SetConfig
                0x00000000080033c8       0x64 ./Drivers/STM32F1xx_HAL_Driver/Src/stm32f1xx_hal_tim.o
                0x00000000080033c8                TIM_Base_SetConfig
 .text.HAL_TIM_Base_Init
                0x000000000800342c       0x58 ./Drivers/STM32F1xx_HAL_Driver/Src/stm32f1xx_hal_tim.o
                0x000000000800342c                HAL_TIM_Base_Init
 .text.HAL_TIM_PWM_Init
                0x0000000008003484       0x58 ./Drivers/STM32F1xx_HAL_Driver/Src/stm32f1xx_hal_tim.o
                0x0000000008003484                HAL_TIM_PWM_Init
 .text.TIM_OC2_SetConfig
                0x00000000080034dc       0x58 ./Drivers/STM32F1xx_HAL_Driver/Src/stm32f1xx_hal_tim.o
                0x00000000080034dc                TIM_OC2_SetConfig
 .text.HAL_TIM_PWM_ConfigChannel
                0x0000000008003534       0xb2 ./Drivers/STM32F1xx_HAL_Driver/Src/stm32f1xx_hal_tim.o
                0x0000000008003534                HAL_TIM_PWM_ConfigChannel
 .text.TIM_ETR_SetConfig
                0x00000000080035e6       0x14 ./Drivers/STM32F1xx_HAL_Driver/Src/stm32f1xx_hal_tim.o
                0x00000000080035e6                TIM_ETR_SetConfig
 .text.HAL_TIM_ConfigClockSource
                0x00000000080035fa      0x132 ./Drivers/STM32F1xx_HAL_Driver/Src/stm32f1xx_hal_tim.o
                0x00000000080035fa                HAL_TIM_ConfigClockSource
 .text.TIM_CCxChannelCmd
                0x000000000800372c       0x1c ./Drivers/STM32F1xx_HAL_Driver/Src/stm32f1xx_hal_tim.o
                0x000000000800372c                TIM_CCxChannelCmd
 .text.HAL_TIM_OC_Start
                0x0000000008003748       0x98 ./Drivers/STM32F1xx_HAL_Driver/Src/stm32f1xx_hal_tim.o
                0x0000000008003748                HAL_TIM_OC_Start
 .text.HAL_TIM_PWM_Start
                0x00000000080037e0        0x4 ./Drivers/STM32F1xx_HAL_Driver/Src/stm32f1xx_hal_tim.o
                0x00000000080037e0                HAL_TIM_PWM_Start
 .text.HAL_TIMEx_MasterConfigSynchronization
                0x00000000080037e4       0x54 ./Drivers/STM32F1xx_HAL_Driver/Src/stm32f1xx_hal_tim_ex.o
                0x00000000080037e4                HAL_TIMEx_MasterConfigSynchronization
 .text.HAL_TIMEx_CommutCallback
                0x0000000008003838        0x2 ./Drivers/STM32F1xx_HAL_Driver/Src/stm32f1xx_hal_tim_ex.o
                0x0000000008003838                HAL_TIMEx_CommutCallback
 .text.HAL_TIMEx_BreakCallback
                0x000000000800383a        0x2 ./Drivers/STM32F1xx_HAL_Driver/Src/stm32f1xx_hal_tim_ex.o
                0x000000000800383a                HAL_TIMEx_BreakCallback
 .text.UART_SetConfig
                0x000000000800383c       0x74 ./Drivers/STM32F1xx_HAL_Driver/Src/stm32f1xx_hal_uart.o
 .text.UART_WaitOnFlagUntilTimeout.constprop.0
                0x00000000080038b0       0x6c ./Drivers/STM32F1xx_HAL_Driver/Src/stm32f1xx_hal_uart.o
 .text.HAL_UART_Init
                0x000000000800391c       0x5e ./Drivers/STM32F1xx_HAL_Driver/Src/stm32f1xx_hal_uart.o
                0x000000000800391c                HAL_UART_Init
 .text.HAL_UART_Transmit
                0x000000000800397a       0x96 ./Drivers/STM32F1xx_HAL_Driver/Src/stm32f1xx_hal_uart.o
                0x000000000800397a                HAL_UART_Transmit
 .text.__utoa   0x0000000008003a10       0x84 G:/tools/STM32CubeIDE_1.13.1/STM32CubeIDE/plugins/com.st.stm32cube.ide.mcu.externaltools.gnu-tools-for-stm32.11.3.rel1.win32_1.1.1.202309131626/tools/bin/../lib/gcc/arm-none-eabi/11.3.1/../../../../arm-none-eabi/lib/thumb/v7-m/nofp\libc_nano.a(libc_a-utoa.o)
                0x0000000008003a10                __utoa
 .text.utoa     0x0000000008003a94        0x4 G:/tools/STM32CubeIDE_1.13.1/STM32CubeIDE/plugins/com.st.stm32cube.ide.mcu.externaltools.gnu-tools-for-stm32.11.3.rel1.win32_1.1.1.202309131626/tools/bin/../lib/gcc/arm-none-eabi/11.3.1/../../../../arm-none-eabi/lib/thumb/v7-m/nofp\libc_nano.a(libc_a-utoa.o)
                0x0000000008003a94                utoa
 .text.memset   0x0000000008003a98       0x10 G:/tools/STM32CubeIDE_1.13.1/STM32CubeIDE/plugins/com.st.stm32cube.ide.mcu.externaltools.gnu-tools-for-stm32.11.3.rel1.win32_1.1.1.202309131626/tools/bin/../lib/gcc/arm-none-eabi/11.3.1/../../../../arm-none-eabi/lib/thumb/v7-m/nofp\libc_nano.a(libc_a-memset.o)
                0x0000000008003a98                memset
 .text.__libc_init_array
                0x0000000008003aa8       0x48 G:/tools/STM32CubeIDE_1.13.1/STM32CubeIDE/plugins/com.st.stm32cube.ide.mcu.externaltools.gnu-tools-for-stm32.11.3.rel1.win32_1.1.1.202309131626/tools/bin/../lib/gcc/arm-none-eabi/11.3.1/../../../../arm-none-eabi/lib/thumb/v7-m/nofp\libc_nano.a(libc_a-init.o)
                0x0000000008003aa8                __libc_init_array
 .text.strcpy   0x0000000008003af0       0x10 G:/tools/STM32CubeIDE_1.13.1/STM32CubeIDE/plugins/com.st.stm32cube.ide.mcu.externaltools.gnu-tools-for-stm32.11.3.rel1.win32_1.1.1.202309131626/tools/bin/../lib/gcc/arm-none-eabi/11.3.1/../../../../arm-none-eabi/lib/thumb/v7-m/nofp\libc_nano.a(libc_a-strcpy.o)
                0x0000000008003af0                strcpy
 *(.glue_7)
 .glue_7        0x0000000008003b00        0x0 linker stubs
 *(.glue_7t)
 .glue_7t       0x0000000008003b00        0x0 linker stubs
 *(.eh_frame)
 .eh_frame      0x0000000008003b00        0x0 G:/tools/STM32CubeIDE_1.13.1/STM32CubeIDE/plugins/com.st.stm32cube.ide.mcu.externaltools.gnu-tools-for-stm32.11.3.rel1.win32_1.1.1.202309131626/tools/bin/../lib/gcc/arm-none-eabi/11.3.1/thumb/v7-m/nofp/crtbegin.o
 *(.init)
 .init          0x0000000008003b00        0x4 G:/tools/STM32CubeIDE_1.13.1/STM32CubeIDE/plugins/com.st.stm32cube.ide.mcu.externaltools.gnu-tools-for-stm32.11.3.rel1.win32_1.1.1.202309131626/tools/bin/../lib/gcc/arm-none-eabi/11.3.1/thumb/v7-m/nofp/crti.o
                0x0000000008003b00                _init
 .init          0x0000000008003b04        0x8 G:/tools/STM32CubeIDE_1.13.1/STM32CubeIDE/plugins/com.st.stm32cube.ide.mcu.externaltools.gnu-tools-for-stm32.11.3.rel1.win32_1.1.1.202309131626/tools/bin/../lib/gcc/arm-none-eabi/11.3.1/thumb/v7-m/nofp/crtn.o
 *(.fini)
 .fini          0x0000000008003b0c        0x4 G:/tools/STM32CubeIDE_1.13.1/STM32CubeIDE/plugins/com.st.stm32cube.ide.mcu.externaltools.gnu-tools-for-stm32.11.3.rel1.win32_1.1.1.202309131626/tools/bin/../lib/gcc/arm-none-eabi/11.3.1/thumb/v7-m/nofp/crti.o
                0x0000000008003b0c                _fini
 .fini          0x0000000008003b10        0x8 G:/tools/STM32CubeIDE_1.13.1/STM32CubeIDE/plugins/com.st.stm32cube.ide.mcu.externaltools.gnu-tools-for-stm32.11.3.rel1.win32_1.1.1.202309131626/tools/bin/../lib/gcc/arm-none-eabi/11.3.1/thumb/v7-m/nofp/crtn.o
                0x0000000008003b18                . = ALIGN (0x4)
                0x0000000008003b18                _etext = .

.vfp11_veneer   0x0000000008003b18        0x0
 .vfp11_veneer  0x0000000008003b18        0x0 linker stubs

.v4_bx          0x0000000008003b18        0x0
 .v4_bx         0x0000000008003b18        0x0 linker stubs

.iplt           0x0000000008003b18        0x0
 .iplt          0x0000000008003b18        0x0 G:/tools/STM32CubeIDE_1.13.1/STM32CubeIDE/plugins/com.st.stm32cube.ide.mcu.externaltools.gnu-tools-for-stm32.11.3.rel1.win32_1.1.1.202309131626/tools/bin/../lib/gcc/arm-none-eabi/11.3.1/thumb/v7-m/nofp/crtbegin.o

.rodata         0x0000000008003b18      0xdd0
                0x0000000008003b18                . = ALIGN (0x4)
 *(.rodata)
 *(.rodata*)
 .rodata.Font11x18
                0x0000000008003b18      0xd5c ./Core/Src/fonts.o
                0x0000000008003b18                Font11x18
 .rodata.exti_callback.str1.1
                0x0000000008004874        0xc ./Core/Src/input.o
 .rodata.main.str1.1
                0x0000000008004880        0x6 ./Core/Src/main.o
 .rodata.AHBPrescTable
                0x0000000008004886       0x10 ./Core/Src/system_stm32f1xx.o
                0x0000000008004886                AHBPrescTable
 .rodata.APBPrescTable
                0x0000000008004896        0x8 ./Core/Src/system_stm32f1xx.o
                0x0000000008004896                APBPrescTable
 .rodata.aPLLMULFactorTable.1
                0x000000000800489e       0x10 ./Drivers/STM32F1xx_HAL_Driver/Src/stm32f1xx_hal_rcc.o
 .rodata.aPredivFactorTable.0
                0x00000000080048ae        0x2 ./Drivers/STM32F1xx_HAL_Driver/Src/stm32f1xx_hal_rcc.o
 .rodata.aPLLMULFactorTable.1
                0x00000000080048b0       0x10 ./Drivers/STM32F1xx_HAL_Driver/Src/stm32f1xx_hal_rcc_ex.o
 .rodata.aPredivFactorTable.0
                0x00000000080048c0        0x2 ./Drivers/STM32F1xx_HAL_Driver/Src/stm32f1xx_hal_rcc_ex.o
 .rodata.__utoa.str1.1
                0x00000000080048c2       0x25 G:/tools/STM32CubeIDE_1.13.1/STM32CubeIDE/plugins/com.st.stm32cube.ide.mcu.externaltools.gnu-tools-for-stm32.11.3.rel1.win32_1.1.1.202309131626/tools/bin/../lib/gcc/arm-none-eabi/11.3.1/../../../../arm-none-eabi/lib/thumb/v7-m/nofp\libc_nano.a(libc_a-utoa.o)
                0x00000000080048e8                . = ALIGN (0x4)
 *fill*         0x00000000080048e7        0x1 

.rel.dyn        0x00000000080048e8        0x0
 .rel.iplt      0x00000000080048e8        0x0 G:/tools/STM32CubeIDE_1.13.1/STM32CubeIDE/plugins/com.st.stm32cube.ide.mcu.externaltools.gnu-tools-for-stm32.11.3.rel1.win32_1.1.1.202309131626/tools/bin/../lib/gcc/arm-none-eabi/11.3.1/thumb/v7-m/nofp/crtbegin.o

.ARM.extab      0x00000000080048e8        0x0
                0x00000000080048e8                . = ALIGN (0x4)
 *(.ARM.extab* .gnu.linkonce.armextab.*)
                0x00000000080048e8                . = ALIGN (0x4)

.ARM            0x00000000080048e8        0x0
                0x00000000080048e8                . = ALIGN (0x4)
                0x00000000080048e8                __exidx_start = .
 *(.ARM.exidx*)
                0x00000000080048e8                __exidx_end = .
                0x00000000080048e8                . = ALIGN (0x4)

.preinit_array  0x00000000080048e8        0x0
                0x00000000080048e8                . = ALIGN (0x4)
                0x00000000080048e8                PROVIDE (__preinit_array_start = .)
 *(.preinit_array*)
                0x00000000080048e8                PROVIDE (__preinit_array_end = .)
                0x00000000080048e8                . = ALIGN (0x4)

.init_array     0x00000000080048e8        0x4
                0x00000000080048e8                . = ALIGN (0x4)
                0x00000000080048e8                PROVIDE (__init_array_start = .)
 *(SORT_BY_NAME(.init_array.*))
 *(.init_array*)
 .init_array    0x00000000080048e8        0x4 G:/tools/STM32CubeIDE_1.13.1/STM32CubeIDE/plugins/com.st.stm32cube.ide.mcu.externaltools.gnu-tools-for-stm32.11.3.rel1.win32_1.1.1.202309131626/tools/bin/../lib/gcc/arm-none-eabi/11.3.1/thumb/v7-m/nofp/crtbegin.o
                0x00000000080048ec                PROVIDE (__init_array_end = .)
                0x00000000080048ec                . = ALIGN (0x4)

.fini_array     0x00000000080048ec        0x4
                0x00000000080048ec                . = ALIGN (0x4)
                [!provide]                        PROVIDE (__fini_array_start = .)
 *(SORT_BY_NAME(.fini_array.*))
 *(.fini_array*)
 .fini_array    0x00000000080048ec        0x4 G:/tools/STM32CubeIDE_1.13.1/STM32CubeIDE/plugins/com.st.stm32cube.ide.mcu.externaltools.gnu-tools-for-stm32.11.3.rel1.win32_1.1.1.202309131626/tools/bin/../lib/gcc/arm-none-eabi/11.3.1/thumb/v7-m/nofp/crtbegin.o
                [!provide]                        PROVIDE (__fini_array_end = .)
                0x00000000080048f0                . = ALIGN (0x4)
                0x00000000080048f0                _sidata = LOADADDR (.data)

.data           0x0000000020000000       0x38 load address 0x00000000080048f0
                0x0000000020000000                . = ALIGN (0x4)
                0x0000000020000000                _sdata = .
 *(.data)
 *(.data*)
 .data.Font_11x18
                0x0000000020000000        0x8 ./Core/Src/fonts.o
                0x0000000020000000                Font_11x18
 .data.adcVCalMax
                0x0000000020000008        0x4 ./Core/Src/heater.o
                0x0000000020000008                adcVCalMax
 .data.adcVCalMin
                0x000000002000000c        0x4 ./Core/Src/heater.o
                0x000000002000000c                adcVCalMin
 .data.disabled
                0x0000000020000010        0x1 ./Core/Src/heater.o
                0x0000000020000010                disabled
 *fill*         0x0000000020000011        0x3 
 .data.targetHighTemp
                0x0000000020000014        0x4 ./Core/Src/heater.o
                0x0000000020000014                targetHighTemp
 .data.targetTemp
                0x0000000020000018        0x4 ./Core/Src/heater.o
                0x0000000020000018                targetTemp
 .data.targetWarmTemp
                0x000000002000001c        0x4 ./Core/Src/heater.o
                0x000000002000001c                targetWarmTemp
 .data.tempCalMax
                0x0000000020000020        0x4 ./Core/Src/heater.o
                0x0000000020000020                tempCalMax
 .data.tempCalMin
                0x0000000020000024        0x4 ./Core/Src/heater.o
                0x0000000020000024                tempCalMin
 .data.encoderCt
                0x0000000020000028        0x2 ./Core/Src/input.o
                0x0000000020000028                encoderCt
 .data.inc      0x000000002000002a        0x1 ./Core/Src/input.o
                0x000000002000002a                inc
 *fill*         0x000000002000002b        0x1 
 .data.SystemCoreClock
                0x000000002000002c        0x4 ./Core/Src/system_stm32f1xx.o
                0x000000002000002c                SystemCoreClock
 .data.uwTickFreq
                0x0000000020000030        0x1 ./Drivers/STM32F1xx_HAL_Driver/Src/stm32f1xx_hal.o
                0x0000000020000030                uwTickFreq
 *fill*         0x0000000020000031        0x3 
 .data.uwTickPrio
                0x0000000020000034        0x4 ./Drivers/STM32F1xx_HAL_Driver/Src/stm32f1xx_hal.o
                0x0000000020000034                uwTickPrio
 *(.RamFunc)
 *(.RamFunc*)
                0x0000000020000038                . = ALIGN (0x4)
                0x0000000020000038                _edata = .

.igot.plt       0x0000000020000038        0x0 load address 0x0000000008004928
 .igot.plt      0x0000000020000038        0x0 G:/tools/STM32CubeIDE_1.13.1/STM32CubeIDE/plugins/com.st.stm32cube.ide.mcu.externaltools.gnu-tools-for-stm32.11.3.rel1.win32_1.1.1.202309131626/tools/bin/../lib/gcc/arm-none-eabi/11.3.1/thumb/v7-m/nofp/crtbegin.o
                0x0000000020000038                . = ALIGN (0x4)

.bss            0x0000000020000038      0x644 load address 0x0000000008004928
                0x0000000020000038                _sbss = .
                0x0000000020000038                __bss_start__ = _sbss
 *(.bss)
 .bss           0x0000000020000038       0x1c G:/tools/STM32CubeIDE_1.13.1/STM32CubeIDE/plugins/com.st.stm32cube.ide.mcu.externaltools.gnu-tools-for-stm32.11.3.rel1.win32_1.1.1.202309131626/tools/bin/../lib/gcc/arm-none-eabi/11.3.1/thumb/v7-m/nofp/crtbegin.o
 *(.bss*)
 .bss.heatingEndTime
                0x0000000020000054        0x4 ./Core/Src/common.o
                0x0000000020000054                heatingEndTime
 .bss.state     0x0000000020000058       0x14 ./Core/Src/common.o
                0x0000000020000058                state
 .bss.warmEndTime
                0x000000002000006c        0x4 ./Core/Src/common.o
                0x000000002000006c                warmEndTime
 .bss.hi2c11    0x0000000020000070        0x4 ./Core/Src/eeprom.o
                0x0000000020000070                hi2c11
 .bss.huart11   0x0000000020000074        0x4 ./Core/Src/eeprom.o
                0x0000000020000074                huart11
 .bss.sAdcVal   0x0000000020000078        0x4 ./Core/Src/gui.o
                0x0000000020000078                sAdcVal
 .bss.sMode     0x000000002000007c        0x1 ./Core/Src/gui.o
                0x000000002000007c                sMode
 .bss.stemp     0x000000002000007d        0x5 ./Core/Src/gui.o
                0x000000002000007d                stemp
 *fill*         0x0000000020000082        0x2 
 .bss.GPIOxx    0x0000000020000084        0x4 ./Core/Src/heater.o
                0x0000000020000084                GPIOxx
 .bss.heaterPin
                0x0000000020000088        0x2 ./Core/Src/heater.o
                0x0000000020000088                heaterPin
 *fill*         0x000000002000008a        0x2 
 .bss.pSt       0x000000002000008c        0x4 ./Core/Src/heater.o
                0x000000002000008c                pSt
 .bss.targetHighTempAdcVal
                0x0000000020000090        0x4 ./Core/Src/heater.o
                0x0000000020000090                targetHighTempAdcVal
 .bss.targetTempAdcVal
                0x0000000020000094        0x4 ./Core/Src/heater.o
                0x0000000020000094                targetTempAdcVal
 .bss.targetWarmTempAdcVal
                0x0000000020000098        0x4 ./Core/Src/heater.o
                0x0000000020000098                targetWarmTempAdcVal
 .bss.tempCalDelta
                0x000000002000009c        0x4 ./Core/Src/heater.o
                0x000000002000009c                tempCalDelta
 .bss.vCalDelta
                0x00000000200000a0        0x4 ./Core/Src/heater.o
                0x00000000200000a0                vCalDelta
 .bss.currentMillis
                0x00000000200000a4        0x4 ./Core/Src/input.o
                0x00000000200000a4                currentMillis
 .bss.exti      0x00000000200000a8        0x1 ./Core/Src/input.o
                0x00000000200000a8                exti
 *fill*         0x00000000200000a9        0x3 
 .bss.pStat     0x00000000200000ac        0x4 ./Core/Src/input.o
                0x00000000200000ac                pStat
 .bss.pinName   0x00000000200000b0        0x5 ./Core/Src/input.o
                0x00000000200000b0                pinName
 *fill*         0x00000000200000b5        0x3 
 .bss.previousMillis
                0x00000000200000b8        0x4 ./Core/Src/input.o
                0x00000000200000b8                previousMillis
 .bss.pt        0x00000000200000bc        0x4 ./Core/Src/input.o
                0x00000000200000bc                pt
 .bss.adcCount  0x00000000200000c0        0x2 ./Core/Src/main.o
                0x00000000200000c0                adcCount
 .bss.adcRead   0x00000000200000c2        0x1 ./Core/Src/main.o
                0x00000000200000c2                adcRead
 *fill*         0x00000000200000c3        0x1 
 .bss.adcValues
                0x00000000200000c4        0xc ./Core/Src/main.o
                0x00000000200000c4                adcValues
 .bss.hadc1     0x00000000200000d0       0x30 ./Core/Src/main.o
                0x00000000200000d0                hadc1
 .bss.hdma_adc1
                0x0000000020000100       0x44 ./Core/Src/main.o
                0x0000000020000100                hdma_adc1
 .bss.hi2c1     0x0000000020000144       0x54 ./Core/Src/main.o
                0x0000000020000144                hi2c1
 .bss.htim2     0x0000000020000198       0x48 ./Core/Src/main.o
                0x0000000020000198                htim2
 .bss.htim3     0x00000000200001e0       0x48 ./Core/Src/main.o
                0x00000000200001e0                htim3
 .bss.huart1    0x0000000020000228       0x48 ./Core/Src/main.o
                0x0000000020000228                huart1
 .bss.SSD1306   0x0000000020000270        0x6 ./Core/Src/ssd1306.o
 .bss.SSD1306_Buffer
                0x0000000020000276      0x400 ./Core/Src/ssd1306.o
 *fill*         0x0000000020000676        0x2 
 .bss.uwTick    0x0000000020000678        0x4 ./Drivers/STM32F1xx_HAL_Driver/Src/stm32f1xx_hal.o
                0x0000000020000678                uwTick
 *(COMMON)
                0x000000002000067c                . = ALIGN (0x4)
                0x000000002000067c                _ebss = .
                0x000000002000067c                __bss_end__ = _ebss

._user_heap_stack
                0x000000002000067c      0x604 load address 0x0000000008004928
                0x0000000020000680                . = ALIGN (0x8)
 *fill*         0x000000002000067c        0x4 
                [!provide]                        PROVIDE (end = .)
                0x0000000020000680                PROVIDE (_end = .)
                0x0000000020000880                . = (. + _Min_Heap_Size)
 *fill*         0x0000000020000680      0x200 
                0x0000000020000c80                . = (. + _Min_Stack_Size)
 *fill*         0x0000000020000880      0x400 
                0x0000000020000c80                . = ALIGN (0x8)

/DISCARD/
 libc.a(*)
 libm.a(*)
 libgcc.a(*)

.ARM.attributes
                0x0000000000000000       0x29
 *(.ARM.attributes)
 .ARM.attributes
                0x0000000000000000       0x1d G:/tools/STM32CubeIDE_1.13.1/STM32CubeIDE/plugins/com.st.stm32cube.ide.mcu.externaltools.gnu-tools-for-stm32.11.3.rel1.win32_1.1.1.202309131626/tools/bin/../lib/gcc/arm-none-eabi/11.3.1/thumb/v7-m/nofp/crti.o
 .ARM.attributes
                0x000000000000001d       0x2d G:/tools/STM32CubeIDE_1.13.1/STM32CubeIDE/plugins/com.st.stm32cube.ide.mcu.externaltools.gnu-tools-for-stm32.11.3.rel1.win32_1.1.1.202309131626/tools/bin/../lib/gcc/arm-none-eabi/11.3.1/thumb/v7-m/nofp/crtbegin.o
 .ARM.attributes
                0x000000000000004a       0x2d ./Core/Src/common.o
 .ARM.attributes
                0x0000000000000077       0x2d ./Core/Src/eeprom.o
 .ARM.attributes
                0x00000000000000a4       0x2d ./Core/Src/fonts.o
 .ARM.attributes
                0x00000000000000d1       0x2d ./Core/Src/gui.o
 .ARM.attributes
                0x00000000000000fe       0x2d ./Core/Src/heater.o
 .ARM.attributes
                0x000000000000012b       0x2d ./Core/Src/input.o
 .ARM.attributes
                0x0000000000000158       0x2d ./Core/Src/main.o
 .ARM.attributes
                0x0000000000000185       0x2d ./Core/Src/ssd1306.o
 .ARM.attributes
                0x00000000000001b2       0x2d ./Core/Src/stm32f1xx_hal_msp.o
 .ARM.attributes
                0x00000000000001df       0x2d ./Core/Src/stm32f1xx_it.o
 .ARM.attributes
                0x000000000000020c       0x2d ./Core/Src/system_stm32f1xx.o
 .ARM.attributes
                0x0000000000000239       0x21 ./Core/Startup/startup_stm32f103c6tx.o
 .ARM.attributes
                0x000000000000025a       0x2d ./Drivers/STM32F1xx_HAL_Driver/Src/stm32f1xx_hal.o
 .ARM.attributes
                0x0000000000000287       0x2d ./Drivers/STM32F1xx_HAL_Driver/Src/stm32f1xx_hal_adc.o
 .ARM.attributes
                0x00000000000002b4       0x2d ./Drivers/STM32F1xx_HAL_Driver/Src/stm32f1xx_hal_adc_ex.o
 .ARM.attributes
                0x00000000000002e1       0x2d ./Drivers/STM32F1xx_HAL_Driver/Src/stm32f1xx_hal_cortex.o
 .ARM.attributes
                0x000000000000030e       0x2d ./Drivers/STM32F1xx_HAL_Driver/Src/stm32f1xx_hal_dma.o
 .ARM.attributes
                0x000000000000033b       0x2d ./Drivers/STM32F1xx_HAL_Driver/Src/stm32f1xx_hal_gpio.o
 .ARM.attributes
                0x0000000000000368       0x2d ./Drivers/STM32F1xx_HAL_Driver/Src/stm32f1xx_hal_i2c.o
 .ARM.attributes
                0x0000000000000395       0x2d ./Drivers/STM32F1xx_HAL_Driver/Src/stm32f1xx_hal_rcc.o
 .ARM.attributes
                0x00000000000003c2       0x2d ./Drivers/STM32F1xx_HAL_Driver/Src/stm32f1xx_hal_rcc_ex.o
 .ARM.attributes
                0x00000000000003ef       0x2d ./Drivers/STM32F1xx_HAL_Driver/Src/stm32f1xx_hal_tim.o
 .ARM.attributes
                0x000000000000041c       0x2d ./Drivers/STM32F1xx_HAL_Driver/Src/stm32f1xx_hal_tim_ex.o
 .ARM.attributes
                0x0000000000000449       0x2d ./Drivers/STM32F1xx_HAL_Driver/Src/stm32f1xx_hal_uart.o
 .ARM.attributes
                0x0000000000000476       0x2d G:/tools/STM32CubeIDE_1.13.1/STM32CubeIDE/plugins/com.st.stm32cube.ide.mcu.externaltools.gnu-tools-for-stm32.11.3.rel1.win32_1.1.1.202309131626/tools/bin/../lib/gcc/arm-none-eabi/11.3.1/../../../../arm-none-eabi/lib/thumb/v7-m/nofp\libc_nano.a(libc_a-utoa.o)
 .ARM.attributes
                0x00000000000004a3       0x2d G:/tools/STM32CubeIDE_1.13.1/STM32CubeIDE/plugins/com.st.stm32cube.ide.mcu.externaltools.gnu-tools-for-stm32.11.3.rel1.win32_1.1.1.202309131626/tools/bin/../lib/gcc/arm-none-eabi/11.3.1/../../../../arm-none-eabi/lib/thumb/v7-m/nofp\libc_nano.a(libc_a-memset.o)
 .ARM.attributes
                0x00000000000004d0       0x2d G:/tools/STM32CubeIDE_1.13.1/STM32CubeIDE/plugins/com.st.stm32cube.ide.mcu.externaltools.gnu-tools-for-stm32.11.3.rel1.win32_1.1.1.202309131626/tools/bin/../lib/gcc/arm-none-eabi/11.3.1/../../../../arm-none-eabi/lib/thumb/v7-m/nofp\libc_nano.a(libc_a-init.o)
 .ARM.attributes
                0x00000000000004fd       0x2d G:/tools/STM32CubeIDE_1.13.1/STM32CubeIDE/plugins/com.st.stm32cube.ide.mcu.externaltools.gnu-tools-for-stm32.11.3.rel1.win32_1.1.1.202309131626/tools/bin/../lib/gcc/arm-none-eabi/11.3.1/../../../../arm-none-eabi/lib/thumb/v7-m/nofp\libc_nano.a(libc_a-strcpy.o)
 .ARM.attributes
                0x000000000000052a       0x1d G:/tools/STM32CubeIDE_1.13.1/STM32CubeIDE/plugins/com.st.stm32cube.ide.mcu.externaltools.gnu-tools-for-stm32.11.3.rel1.win32_1.1.1.202309131626/tools/bin/../lib/gcc/arm-none-eabi/11.3.1/thumb/v7-m/nofp\libgcc.a(_arm_addsubsf3.o)
 .ARM.attributes
                0x0000000000000547       0x1d G:/tools/STM32CubeIDE_1.13.1/STM32CubeIDE/plugins/com.st.stm32cube.ide.mcu.externaltools.gnu-tools-for-stm32.11.3.rel1.win32_1.1.1.202309131626/tools/bin/../lib/gcc/arm-none-eabi/11.3.1/thumb/v7-m/nofp\libgcc.a(_arm_muldivsf3.o)
 .ARM.attributes
                0x0000000000000564       0x1d G:/tools/STM32CubeIDE_1.13.1/STM32CubeIDE/plugins/com.st.stm32cube.ide.mcu.externaltools.gnu-tools-for-stm32.11.3.rel1.win32_1.1.1.202309131626/tools/bin/../lib/gcc/arm-none-eabi/11.3.1/thumb/v7-m/nofp\libgcc.a(_arm_cmpsf2.o)
 .ARM.attributes
                0x0000000000000581       0x1d G:/tools/STM32CubeIDE_1.13.1/STM32CubeIDE/plugins/com.st.stm32cube.ide.mcu.externaltools.gnu-tools-for-stm32.11.3.rel1.win32_1.1.1.202309131626/tools/bin/../lib/gcc/arm-none-eabi/11.3.1/thumb/v7-m/nofp\libgcc.a(_arm_fixunssfsi.o)
 .ARM.attributes
                0x000000000000059e       0x1d G:/tools/STM32CubeIDE_1.13.1/STM32CubeIDE/plugins/com.st.stm32cube.ide.mcu.externaltools.gnu-tools-for-stm32.11.3.rel1.win32_1.1.1.202309131626/tools/bin/../lib/gcc/arm-none-eabi/11.3.1/thumb/v7-m/nofp/crtn.o
OUTPUT(stm32SolderingStation.elf elf32-littlearm)
LOAD linker stubs
LOAD G:/tools/STM32CubeIDE_1.13.1/STM32CubeIDE/plugins/com.st.stm32cube.ide.mcu.externaltools.gnu-tools-for-stm32.11.3.rel1.win32_1.1.1.202309131626/tools/bin/../lib/gcc/arm-none-eabi/11.3.1/../../../../arm-none-eabi/lib/thumb/v7-m/nofp\libc.a
LOAD G:/tools/STM32CubeIDE_1.13.1/STM32CubeIDE/plugins/com.st.stm32cube.ide.mcu.externaltools.gnu-tools-for-stm32.11.3.rel1.win32_1.1.1.202309131626/tools/bin/../lib/gcc/arm-none-eabi/11.3.1/../../../../arm-none-eabi/lib/thumb/v7-m/nofp\libm.a
LOAD G:/tools/STM32CubeIDE_1.13.1/STM32CubeIDE/plugins/com.st.stm32cube.ide.mcu.externaltools.gnu-tools-for-stm32.11.3.rel1.win32_1.1.1.202309131626/tools/bin/../lib/gcc/arm-none-eabi/11.3.1/thumb/v7-m/nofp\libgcc.a

.comment        0x0000000000000000       0x43
 .comment       0x0000000000000000       0x43 G:/tools/STM32CubeIDE_1.13.1/STM32CubeIDE/plugins/com.st.stm32cube.ide.mcu.externaltools.gnu-tools-for-stm32.11.3.rel1.win32_1.1.1.202309131626/tools/bin/../lib/gcc/arm-none-eabi/11.3.1/thumb/v7-m/nofp/crtbegin.o
                                         0x44 (size before relaxing)
 .comment       0x0000000000000043       0x44 ./Core/Src/common.o
 .comment       0x0000000000000043       0x44 ./Core/Src/eeprom.o
 .comment       0x0000000000000043       0x44 ./Core/Src/fonts.o
 .comment       0x0000000000000043       0x44 ./Core/Src/gui.o
 .comment       0x0000000000000043       0x44 ./Core/Src/heater.o
 .comment       0x0000000000000043       0x44 ./Core/Src/input.o
 .comment       0x0000000000000043       0x44 ./Core/Src/main.o
 .comment       0x0000000000000043       0x44 ./Core/Src/ssd1306.o
 .comment       0x0000000000000043       0x44 ./Core/Src/stm32f1xx_hal_msp.o
 .comment       0x0000000000000043       0x44 ./Core/Src/stm32f1xx_it.o
 .comment       0x0000000000000043       0x44 ./Core/Src/system_stm32f1xx.o
 .comment       0x0000000000000043       0x44 ./Drivers/STM32F1xx_HAL_Driver/Src/stm32f1xx_hal.o
 .comment       0x0000000000000043       0x44 ./Drivers/STM32F1xx_HAL_Driver/Src/stm32f1xx_hal_adc.o
 .comment       0x0000000000000043       0x44 ./Drivers/STM32F1xx_HAL_Driver/Src/stm32f1xx_hal_adc_ex.o
 .comment       0x0000000000000043       0x44 ./Drivers/STM32F1xx_HAL_Driver/Src/stm32f1xx_hal_cortex.o
 .comment       0x0000000000000043       0x44 ./Drivers/STM32F1xx_HAL_Driver/Src/stm32f1xx_hal_dma.o
 .comment       0x0000000000000043       0x44 ./Drivers/STM32F1xx_HAL_Driver/Src/stm32f1xx_hal_gpio.o
 .comment       0x0000000000000043       0x44 ./Drivers/STM32F1xx_HAL_Driver/Src/stm32f1xx_hal_i2c.o
 .comment       0x0000000000000043       0x44 ./Drivers/STM32F1xx_HAL_Driver/Src/stm32f1xx_hal_rcc.o
 .comment       0x0000000000000043       0x44 ./Drivers/STM32F1xx_HAL_Driver/Src/stm32f1xx_hal_rcc_ex.o
 .comment       0x0000000000000043       0x44 ./Drivers/STM32F1xx_HAL_Driver/Src/stm32f1xx_hal_tim.o
 .comment       0x0000000000000043       0x44 ./Drivers/STM32F1xx_HAL_Driver/Src/stm32f1xx_hal_tim_ex.o
 .comment       0x0000000000000043       0x44 ./Drivers/STM32F1xx_HAL_Driver/Src/stm32f1xx_hal_uart.o

.debug_frame    0x0000000000000000      0x224
 .debug_frame   0x0000000000000000       0x48 G:/tools/STM32CubeIDE_1.13.1/STM32CubeIDE/plugins/com.st.stm32cube.ide.mcu.externaltools.gnu-tools-for-stm32.11.3.rel1.win32_1.1.1.202309131626/tools/bin/../lib/gcc/arm-none-eabi/11.3.1/../../../../arm-none-eabi/lib/thumb/v7-m/nofp\libc_nano.a(libc_a-utoa.o)
 .debug_frame   0x0000000000000048       0x20 G:/tools/STM32CubeIDE_1.13.1/STM32CubeIDE/plugins/com.st.stm32cube.ide.mcu.externaltools.gnu-tools-for-stm32.11.3.rel1.win32_1.1.1.202309131626/tools/bin/../lib/gcc/arm-none-eabi/11.3.1/../../../../arm-none-eabi/lib/thumb/v7-m/nofp\libc_nano.a(libc_a-memset.o)
 .debug_frame   0x0000000000000068       0x2c G:/tools/STM32CubeIDE_1.13.1/STM32CubeIDE/plugins/com.st.stm32cube.ide.mcu.externaltools.gnu-tools-for-stm32.11.3.rel1.win32_1.1.1.202309131626/tools/bin/../lib/gcc/arm-none-eabi/11.3.1/../../../../arm-none-eabi/lib/thumb/v7-m/nofp\libc_nano.a(libc_a-init.o)
 .debug_frame   0x0000000000000094       0x20 G:/tools/STM32CubeIDE_1.13.1/STM32CubeIDE/plugins/com.st.stm32cube.ide.mcu.externaltools.gnu-tools-for-stm32.11.3.rel1.win32_1.1.1.202309131626/tools/bin/../lib/gcc/arm-none-eabi/11.3.1/../../../../arm-none-eabi/lib/thumb/v7-m/nofp\libc_nano.a(libc_a-strcpy.o)
 .debug_frame   0x00000000000000b4       0x4c G:/tools/STM32CubeIDE_1.13.1/STM32CubeIDE/plugins/com.st.stm32cube.ide.mcu.externaltools.gnu-tools-for-stm32.11.3.rel1.win32_1.1.1.202309131626/tools/bin/../lib/gcc/arm-none-eabi/11.3.1/thumb/v7-m/nofp\libgcc.a(_arm_addsubsf3.o)
 .debug_frame   0x0000000000000100       0x38 G:/tools/STM32CubeIDE_1.13.1/STM32CubeIDE/plugins/com.st.stm32cube.ide.mcu.externaltools.gnu-tools-for-stm32.11.3.rel1.win32_1.1.1.202309131626/tools/bin/../lib/gcc/arm-none-eabi/11.3.1/thumb/v7-m/nofp\libgcc.a(_arm_muldivsf3.o)
 .debug_frame   0x0000000000000138       0xc8 G:/tools/STM32CubeIDE_1.13.1/STM32CubeIDE/plugins/com.st.stm32cube.ide.mcu.externaltools.gnu-tools-for-stm32.11.3.rel1.win32_1.1.1.202309131626/tools/bin/../lib/gcc/arm-none-eabi/11.3.1/thumb/v7-m/nofp\libgcc.a(_arm_cmpsf2.o)
 .debug_frame   0x0000000000000200       0x24 G:/tools/STM32CubeIDE_1.13.1/STM32CubeIDE/plugins/com.st.stm32cube.ide.mcu.externaltools.gnu-tools-for-stm32.11.3.rel1.win32_1.1.1.202309131626/tools/bin/../lib/gcc/arm-none-eabi/11.3.1/thumb/v7-m/nofp\libgcc.a(_arm_fixunssfsi.o)
