Archive member included to satisfy reference by file (symbol)

G:/tools/STM32CubeIDE_1.13.1/STM32CubeIDE/plugins/com.st.stm32cube.ide.mcu.externaltools.gnu-tools-for-stm32.11.3.rel1.win32_1.1.100.202309141235/tools/bin/../lib/gcc/arm-none-eabi/11.3.1/../../../../arm-none-eabi/lib/thumb/v7-m/nofp\libc_nano.a(libc_a-exit.o)
                              G:/tools/STM32CubeIDE_1.13.1/STM32CubeIDE/plugins/com.st.stm32cube.ide.mcu.externaltools.gnu-tools-for-stm32.11.3.rel1.win32_1.1.100.202309141235/tools/bin/../lib/gcc/arm-none-eabi/11.3.1/../../../../arm-none-eabi/lib/thumb/v7-m/nofp/crt0.o (exit)
G:/tools/STM32CubeIDE_1.13.1/STM32CubeIDE/plugins/com.st.stm32cube.ide.mcu.externaltools.gnu-tools-for-stm32.11.3.rel1.win32_1.1.100.202309141235/tools/bin/../lib/gcc/arm-none-eabi/11.3.1/../../../../arm-none-eabi/lib/thumb/v7-m/nofp\libc_nano.a(libc_a-itoa.o)
                              ./Core/Src/gui.o (itoa)
G:/tools/STM32CubeIDE_1.13.1/STM32CubeIDE/plugins/com.st.stm32cube.ide.mcu.externaltools.gnu-tools-for-stm32.11.3.rel1.win32_1.1.100.202309141235/tools/bin/../lib/gcc/arm-none-eabi/11.3.1/../../../../arm-none-eabi/lib/thumb/v7-m/nofp\libc_nano.a(libc_a-utoa.o)
                              G:/tools/STM32CubeIDE_1.13.1/STM32CubeIDE/plugins/com.st.stm32cube.ide.mcu.externaltools.gnu-tools-for-stm32.11.3.rel1.win32_1.1.100.202309141235/tools/bin/../lib/gcc/arm-none-eabi/11.3.1/../../../../arm-none-eabi/lib/thumb/v7-m/nofp\libc_nano.a(libc_a-itoa.o) (__utoa)
G:/tools/STM32CubeIDE_1.13.1/STM32CubeIDE/plugins/com.st.stm32cube.ide.mcu.externaltools.gnu-tools-for-stm32.11.3.rel1.win32_1.1.100.202309141235/tools/bin/../lib/gcc/arm-none-eabi/11.3.1/../../../../arm-none-eabi/lib/thumb/v7-m/nofp\libc_nano.a(libc_a-findfp.o)
                              G:/tools/STM32CubeIDE_1.13.1/STM32CubeIDE/plugins/com.st.stm32cube.ide.mcu.externaltools.gnu-tools-for-stm32.11.3.rel1.win32_1.1.100.202309141235/tools/bin/../lib/gcc/arm-none-eabi/11.3.1/../../../../arm-none-eabi/lib/thumb/v7-m/nofp\libc_nano.a(libc_a-exit.o) (__stdio_exit_handler)
G:/tools/STM32CubeIDE_1.13.1/STM32CubeIDE/plugins/com.st.stm32cube.ide.mcu.externaltools.gnu-tools-for-stm32.11.3.rel1.win32_1.1.100.202309141235/tools/bin/../lib/gcc/arm-none-eabi/11.3.1/../../../../arm-none-eabi/lib/thumb/v7-m/nofp\libc_nano.a(libc_a-fwalk.o)
                              G:/tools/STM32CubeIDE_1.13.1/STM32CubeIDE/plugins/com.st.stm32cube.ide.mcu.externaltools.gnu-tools-for-stm32.11.3.rel1.win32_1.1.100.202309141235/tools/bin/../lib/gcc/arm-none-eabi/11.3.1/../../../../arm-none-eabi/lib/thumb/v7-m/nofp\libc_nano.a(libc_a-findfp.o) (_fwalk_sglue)
G:/tools/STM32CubeIDE_1.13.1/STM32CubeIDE/plugins/com.st.stm32cube.ide.mcu.externaltools.gnu-tools-for-stm32.11.3.rel1.win32_1.1.100.202309141235/tools/bin/../lib/gcc/arm-none-eabi/11.3.1/../../../../arm-none-eabi/lib/thumb/v7-m/nofp\libc_nano.a(libc_a-sprintf.o)
                              ./Core/Src/test.o (sprintf)
G:/tools/STM32CubeIDE_1.13.1/STM32CubeIDE/plugins/com.st.stm32cube.ide.mcu.externaltools.gnu-tools-for-stm32.11.3.rel1.win32_1.1.100.202309141235/tools/bin/../lib/gcc/arm-none-eabi/11.3.1/../../../../arm-none-eabi/lib/thumb/v7-m/nofp\libc_nano.a(libc_a-stdio.o)
                              G:/tools/STM32CubeIDE_1.13.1/STM32CubeIDE/plugins/com.st.stm32cube.ide.mcu.externaltools.gnu-tools-for-stm32.11.3.rel1.win32_1.1.100.202309141235/tools/bin/../lib/gcc/arm-none-eabi/11.3.1/../../../../arm-none-eabi/lib/thumb/v7-m/nofp\libc_nano.a(libc_a-findfp.o) (__sread)
G:/tools/STM32CubeIDE_1.13.1/STM32CubeIDE/plugins/com.st.stm32cube.ide.mcu.externaltools.gnu-tools-for-stm32.11.3.rel1.win32_1.1.100.202309141235/tools/bin/../lib/gcc/arm-none-eabi/11.3.1/../../../../arm-none-eabi/lib/thumb/v7-m/nofp\libc_nano.a(libc_a-memset.o)
                              G:/tools/STM32CubeIDE_1.13.1/STM32CubeIDE/plugins/com.st.stm32cube.ide.mcu.externaltools.gnu-tools-for-stm32.11.3.rel1.win32_1.1.100.202309141235/tools/bin/../lib/gcc/arm-none-eabi/11.3.1/../../../../arm-none-eabi/lib/thumb/v7-m/nofp/crt0.o (memset)
G:/tools/STM32CubeIDE_1.13.1/STM32CubeIDE/plugins/com.st.stm32cube.ide.mcu.externaltools.gnu-tools-for-stm32.11.3.rel1.win32_1.1.100.202309141235/tools/bin/../lib/gcc/arm-none-eabi/11.3.1/../../../../arm-none-eabi/lib/thumb/v7-m/nofp\libc_nano.a(libc_a-closer.o)
                              G:/tools/STM32CubeIDE_1.13.1/STM32CubeIDE/plugins/com.st.stm32cube.ide.mcu.externaltools.gnu-tools-for-stm32.11.3.rel1.win32_1.1.100.202309141235/tools/bin/../lib/gcc/arm-none-eabi/11.3.1/../../../../arm-none-eabi/lib/thumb/v7-m/nofp\libc_nano.a(libc_a-stdio.o) (_close_r)
G:/tools/STM32CubeIDE_1.13.1/STM32CubeIDE/plugins/com.st.stm32cube.ide.mcu.externaltools.gnu-tools-for-stm32.11.3.rel1.win32_1.1.100.202309141235/tools/bin/../lib/gcc/arm-none-eabi/11.3.1/../../../../arm-none-eabi/lib/thumb/v7-m/nofp\libc_nano.a(libc_a-reent.o)
[...]
Memory Configuration

Name             Origin             Length             Attributes
RAM              0x0000000020000000 0x0000000000002800 xrw
FLASH            0x0000000008000000 0x0000000000008000 xr
*default*        0x0000000000000000 0xffffffffffffffff

Linker script and memory map

LOAD G:/tools/STM32CubeIDE_1.13.1/STM32CubeIDE/plugins/com.st.stm32cube.ide.mcu.externaltools.gnu-tools-for-stm32.11.3.rel1.win32_1.1.100.202309141235/tools/bin/../lib/gcc/arm-none-eabi/11.3.1/thumb/v7-m/nofp/crti.o
LOAD G:/tools/STM32CubeIDE_1.13.1/STM32CubeIDE/plugins/com.st.stm32cube.ide.mcu.externaltools.gnu-tools-for-stm32.11.3.rel1.win32_1.1.100.202309141235/tools/bin/../lib/gcc/arm-none-eabi/11.3.1/thumb/v7-m/nofp/crtbegin.o
LOAD G:/tools/STM32CubeIDE_1.13.1/STM32CubeIDE/plugins/com.st.stm32cube.ide.mcu.externaltools.gnu-tools-for-stm32.11.3.rel1.win32_1.1.100.202309141235/tools/bin/../lib/gcc/arm-none-eabi/11.3.1/../../../../arm-none-eabi/lib/thumb/v7-m/nofp/crt0.o
LOAD ./Core/Src/buzzerTone.o
LOAD ./Core/Src/common.o
LOAD ./Core/Src/eeprom.o
LOAD ./Core/Src/fonts.o
LOAD ./Core/Src/gui.o
LOAD ./Core/Src/heater.o
LOAD ./Core/Src/input.o
LOAD ./Core/Src/main.o
LOAD ./Core/Src/ssd1306.o
LOAD ./Core/Src/stm32f1xx_hal_msp.o
LOAD ./Core/Src/stm32f1xx_it.o
LOAD ./Core/Src/syscalls.o
LOAD ./Core/Src/sysmem.o
LOAD ./Core/Src/system_stm32f1xx.o
LOAD ./Core/Src/test.o
LOAD ./Core/Startup/startup_stm32f103c6tx.o
LOAD ./Drivers/STM32F1xx_HAL_Driver/Src/stm32f1xx_hal.o
LOAD ./Drivers/STM32F1xx_HAL_Driver/Src/stm32f1xx_hal_adc.o
LOAD ./Drivers/STM32F1xx_HAL_Driver/Src/stm32f1xx_hal_adc_ex.o
LOAD ./Drivers/STM32F1xx_HAL_Driver/Src/stm32f1xx_hal_cortex.o
LOAD ./Drivers/STM32F1xx_HAL_Driver/Src/stm32f1xx_hal_dma.o
LOAD ./Drivers/STM32F1xx_HAL_Driver/Src/stm32f1xx_hal_exti.o
LOAD ./Drivers/STM32F1xx_HAL_Driver/Src/stm32f1xx_hal_flash.o
LOAD ./Drivers/STM32F1xx_HAL_Driver/Src/stm32f1xx_hal_flash_ex.o
LOAD ./Drivers/STM32F1xx_HAL_Driver/Src/stm32f1xx_hal_gpio.o
LOAD ./Drivers/STM32F1xx_HAL_Driver/Src/stm32f1xx_hal_gpio_ex.o
LOAD ./Drivers/STM32F1xx_HAL_Driver/Src/stm32f1xx_hal_i2c.o
LOAD ./Drivers/STM32F1xx_HAL_Driver/Src/stm32f1xx_hal_pwr.o
LOAD ./Drivers/STM32F1xx_HAL_Driver/Src/stm32f1xx_hal_rcc.o
LOAD ./Drivers/STM32F1xx_HAL_Driver/Src/stm32f1xx_hal_rcc_ex.o
LOAD ./Drivers/STM32F1xx_HAL_Driver/Src/stm32f1xx_hal_tim.o
LOAD ./Drivers/STM32F1xx_HAL_Driver/Src/stm32f1xx_hal_tim_ex.o
LOAD ./Drivers/STM32F1xx_HAL_Driver/Src/stm32f1xx_hal_uart.o
START GROUP
LOAD G:/tools/STM32CubeIDE_1.13.1/STM32CubeIDE/plugins/com.st.stm32cube.ide.mcu.externaltools.gnu-tools-for-stm32.11.3.rel1.win32_1.1.100.202309141235/tools/bin/../lib/gcc/arm-none-eabi/11.3.1/../../../../arm-none-eabi/lib/thumb/v7-m/nofp\libc_nano.a
LOAD G:/tools/STM32CubeIDE_1.13.1/STM32CubeIDE/plugins/com.st.stm32cube.ide.mcu.externaltools.gnu-tools-for-stm32.11.3.rel1.win32_1.1.100.202309141235/tools/bin/../lib/gcc/arm-none-eabi/11.3.1/../../../../arm-none-eabi/lib/thumb/v7-m/nofp\libm.a
END GROUP
START GROUP
LOAD G:/tools/STM32CubeIDE_1.13.1/STM32CubeIDE/plugins/com.st.stm32cube.ide.mcu.externaltools.gnu-tools-for-stm32.11.3.rel1.win32_1.1.100.202309141235/tools/bin/../lib/gcc/arm-none-eabi/11.3.1/thumb/v7-m/nofp\libgcc.a
LOAD G:/tools/STM32CubeIDE_1.13.1/STM32CubeIDE/plugins/com.st.stm32cube.ide.mcu.externaltools.gnu-tools-for-stm32.11.3.rel1.win32_1.1.100.202309141235/tools/bin/../lib/gcc/arm-none-eabi/11.3.1/../../../../arm-none-eabi/lib/thumb/v7-m/nofp\libc_nano.a
END GROUP
START GROUP
LOAD G:/tools/STM32CubeIDE_1.13.1/STM32CubeIDE/plugins/com.st.stm32cube.ide.mcu.externaltools.gnu-tools-for-stm32.11.3.rel1.win32_1.1.100.202309141235/tools/bin/../lib/gcc/arm-none-eabi/11.3.1/thumb/v7-m/nofp\libgcc.a
LOAD G:/tools/STM32CubeIDE_1.13.1/STM32CubeIDE/plugins/com.st.stm32cube.ide.mcu.externaltools.gnu-tools-for-stm32.11.3.rel1.win32_1.1.100.202309141235/tools/bin/../lib/gcc/arm-none-eabi/11.3.1/../../../../arm-none-eabi/lib/thumb/v7-m/nofp\libc_nano.a
LOAD G:/tools/STM32CubeIDE_1.13.1/STM32CubeIDE/plugins/com.st.stm32cube.ide.mcu.externaltools.gnu-tools-for-stm32.11.3.rel1.win32_1.1.100.202309141235/tools/bin/../lib/gcc/arm-none-eabi/11.3.1/../../../../arm-none-eabi/lib/thumb/v7-m/nofp\libnosys.a
END GROUP
START GROUP
LOAD G:/tools/STM32CubeIDE_1.13.1/STM32CubeIDE/plugins/com.st.stm32cube.ide.mcu.externaltools.gnu-tools-for-stm32.11.3.rel1.win32_1.1.100.202309141235/tools/bin/../lib/gcc/arm-none-eabi/11.3.1/thumb/v7-m/nofp\libgcc.a
LOAD G:/tools/STM32CubeIDE_1.13.1/STM32CubeIDE/plugins/com.st.stm32cube.ide.mcu.externaltools.gnu-tools-for-stm32.11.3.rel1.win32_1.1.100.202309141235/tools/bin/../lib/gcc/arm-none-eabi/11.3.1/../../../../arm-none-eabi/lib/thumb/v7-m/nofp\libc_nano.a
LOAD G:/tools/STM32CubeIDE_1.13.1/STM32CubeIDE/plugins/com.st.stm32cube.ide.mcu.externaltools.gnu-tools-for-stm32.11.3.rel1.win32_1.1.100.202309141235/tools/bin/../lib/gcc/arm-none-eabi/11.3.1/../../../../arm-none-eabi/lib/thumb/v7-m/nofp\libnosys.a
END GROUP
LOAD G:/tools/STM32CubeIDE_1.13.1/STM32CubeIDE/plugins/com.st.stm32cube.ide.mcu.externaltools.gnu-tools-for-stm32.11.3.rel1.win32_1.1.100.202309141235/tools/bin/../lib/gcc/arm-none-eabi/11.3.1/thumb/v7-m/nofp/crtend.o
LOAD G:/tools/STM32CubeIDE_1.13.1/STM32CubeIDE/plugins/com.st.stm32cube.ide.mcu.externaltools.gnu-tools-for-stm32.11.3.rel1.win32_1.1.100.202309141235/tools/bin/../lib/gcc/arm-none-eabi/11.3.1/thumb/v7-m/nofp/crtn.o
                0x0000000020002800                _estack = (ORIGIN (RAM) + LENGTH (RAM))
                0x0000000000000200                _Min_Heap_Size = 0x200
                0x0000000000000400                _Min_Stack_Size = 0x400

.isr_vector     0x0000000008000000      0x10c
                0x0000000008000000                . = ALIGN (0x4)
 *(.isr_vector)
 .isr_vector    0x0000000008000000      0x10c ./Core/Startup/startup_stm32f103c6tx.o
                0x0000000008000000                g_pfnVectors
                0x000000000800010c                . = ALIGN (0x4)

.text           0x000000000800010c     0x4ea4
                0x000000000800010c                . = ALIGN (0x4)
 *(.text)
 .text          0x000000000800010c       0x40 G:/tools/STM32CubeIDE_1.13.1/STM32CubeIDE/plugins/com.st.stm32cube.ide.mcu.externaltools.gnu-tools-for-stm32.11.3.rel1.win32_1.1.100.202309141235/tools/bin/../lib/gcc/arm-none-eabi/11.3.1/thumb/v7-m/nofp/crtbegin.o
 .text          0x000000000800014c      0x21c G:/tools/STM32CubeIDE_1.13.1/STM32CubeIDE/plugins/com.st.stm32cube.ide.mcu.externaltools.gnu-tools-for-stm32.11.3.rel1.win32_1.1.100.202309141235/tools/bin/../lib/gcc/arm-none-eabi/11.3.1/thumb/v7-m/nofp\libgcc.a(_arm_addsubsf3.o)
                0x000000000800014c                __aeabi_frsub
                0x0000000008000154                __subsf3
                0x0000000008000154                __aeabi_fsub
                0x0000000008000158                __aeabi_fadd
                0x0000000008000158                __addsf3
                0x00000000080002b8                __aeabi_ui2f
                0x00000000080002b8                __floatunsisf
                0x00000000080002c0                __aeabi_i2f
                0x00000000080002c0                __floatsisf
                0x00000000080002dc                __aeabi_ul2f
                0x00000000080002dc                __floatundisf
                0x00000000080002ec                __aeabi_l2f
                0x00000000080002ec                __floatdisf
 .text          0x0000000008000368      0x2a0 G:/tools/STM32CubeIDE_1.13.1/STM32CubeIDE/plugins/com.st.stm32cube.ide.mcu.externaltools.gnu-tools-for-stm32.11.3.rel1.win32_1.1.100.202309141235/tools/bin/../lib/gcc/arm-none-eabi/11.3.1/thumb/v7-m/nofp\libgcc.a(_arm_muldivsf3.o)
                0x0000000008000368                __mulsf3
                0x0000000008000368                __aeabi_fmul
                0x00000000080004d0                __aeabi_fdiv
                0x00000000080004d0                __divsf3
 .text          0x0000000008000608       0xec G:/tools/STM32CubeIDE_1.13.1/STM32CubeIDE/plugins/com.st.stm32cube.ide.mcu.externaltools.gnu-tools-for-stm32.11.3.rel1.win32_1.1.100.202309141235/tools/bin/../lib/gcc/arm-none-eabi/11.3.1/thumb/v7-m/nofp\libgcc.a(_arm_cmpsf2.o)
                0x0000000008000608                __gesf2
                0x0000000008000608                __gtsf2
                0x0000000008000610                __lesf2
                0x0000000008000610                __ltsf2
                0x0000000008000618                __nesf2
                0x0000000008000618                __eqsf2
                0x0000000008000618                __cmpsf2
                0x0000000008000678                __aeabi_cfrcmple
                0x0000000008000680                __aeabi_cfcmpeq
                0x0000000008000680                __aeabi_cfcmple
                0x0000000008000690                __aeabi_fcmpeq
                0x00000000080006a4                __aeabi_fcmplt
                0x00000000080006b8                __aeabi_fcmple
                0x00000000080006cc                __aeabi_fcmpge
                0x00000000080006e0                __aeabi_fcmpgt
 .text          0x00000000080006f4       0x40 G:/tools/STM32CubeIDE_1.13.1/STM32CubeIDE/plugins/com.st.stm32cube.ide.mcu.externaltools.gnu-tools-for-stm32.11.3.rel1.win32_1.1.100.202309141235/tools/bin/../lib/gcc/arm-none-eabi/11.3.1/thumb/v7-m/nofp\libgcc.a(_arm_fixunssfsi.o)
                0x00000000080006f4                __fixunssfsi
                0x00000000080006f4                __aeabi_f2uiz
 *(.text*)
 .text.HCAset   0x0000000008000734        0xc ./Core/Src/common.o
                0x0000000008000734                HCAset
 .text.HCAgetType
                0x0000000008000740        0xc ./Core/Src/common.o
                0x0000000008000740                HCAgetType
 .text.getHCTickMax
                0x000000000800074c        0x4 ./Core/Src/common.o
                0x000000000800074c                getHCTickMax
 .text.setPowerLevel
                0x0000000008000750       0x14 ./Core/Src/common.o
                0x0000000008000750                setPowerLevel
 .text.getPowerLevel
                0x0000000008000764        0xc ./Core/Src/common.o
                0x0000000008000764                getPowerLevel
 .text.save2Eeprom
                0x0000000008000770       0x14 ./Core/Src/common.o
                0x0000000008000770                save2Eeprom
 .text.stateSetMode
                0x0000000008000784       0xb8 ./Core/Src/common.o
                0x0000000008000784                stateSetMode
 .text.stateModeIs
                0x000000000800083c       0x10 ./Core/Src/common.o
                0x000000000800083c                stateModeIs
 .text.checkStateTimeout
                0x000000000800084c       0x38 ./Core/Src/common.o
                0x000000000800084c                checkStateTimeout
 .text.getState
                0x0000000008000884        0x8 ./Core/Src/common.o
                0x0000000008000884                getState
 .text.cfgInit  0x000000000800088c       0x14 ./Core/Src/eeprom.o
                0x000000000800088c                cfgInit
 .text.cfgSaveEncTick
                0x00000000080008a0       0x38 ./Core/Src/eeprom.o
                0x00000000080008a0                cfgSaveEncTick
 .text.cfgGetEncTick
                0x00000000080008d8       0x38 ./Core/Src/eeprom.o
                0x00000000080008d8                cfgGetEncTick
 .text.guiInit  0x0000000008000910        0x4 ./Core/Src/gui.o
                0x0000000008000910                guiInit
 .text.guiUpdate
                0x0000000008000914      0x140 ./Core/Src/gui.o
                0x0000000008000914                guiUpdate
 .text.map      0x0000000008000a54       0x72 ./Core/Src/heater.o
                0x0000000008000a54                map
 *fill*         0x0000000008000ac6        0x2 
 .text.heaterTargetTemp
                0x0000000008000ac8        0xc ./Core/Src/heater.o
                0x0000000008000ac8                heaterTargetTemp
 .text.heaterWarmTargetTemp
                0x0000000008000ad4        0xc ./Core/Src/heater.o
                0x0000000008000ad4                heaterWarmTargetTemp
 .text.heaterHighTargetTemp
                0x0000000008000ae0        0xc ./Core/Src/heater.o
                0x0000000008000ae0                heaterHighTargetTemp
 .text.heaterTargetAdcV
                0x0000000008000aec        0xc ./Core/Src/heater.o
                0x0000000008000aec                heaterTargetAdcV
 .text.heaterWarmTargetAdcV
                0x0000000008000af8        0xc ./Core/Src/heater.o
                0x0000000008000af8                heaterWarmTargetAdcV
 .text.heaterHighTargetAdcV
                0x0000000008000b04        0xc ./Core/Src/heater.o
                0x0000000008000b04                heaterHighTargetAdcV
 .text.heaterOn
                0x0000000008000b10       0x10 ./Core/Src/heater.o
                0x0000000008000b10                heaterOn
 .text.heaterOff
                0x0000000008000b20       0x10 ./Core/Src/heater.o
                0x0000000008000b20                heaterOff
 .text.heaterEnable
                0x0000000008000b30       0x18 ./Core/Src/heater.o
                0x0000000008000b30                heaterEnable
 .text.temp2V   0x0000000008000b48       0x54 ./Core/Src/heater.o
                0x0000000008000b48                temp2V
 .text.heaterInit
                0x0000000008000b9c       0x80 ./Core/Src/heater.o
                0x0000000008000b9c                heaterInit
 .text.heaterSetTemp
                0x0000000008000c1c       0x34 ./Core/Src/heater.o
                0x0000000008000c1c                heaterSetTemp
 .text.heaterCheckTemp
                0x0000000008000c50       0xa0 ./Core/Src/heater.o
                0x0000000008000c50                heaterCheckTemp
 .text.v2temp   0x0000000008000cf0       0x58 ./Core/Src/heater.o
                0x0000000008000cf0                v2temp
 .text.input_init
                0x0000000008000d48       0x10 ./Core/Src/input.o
                0x0000000008000d48                input_init
 .text.isExti   0x0000000008000d58       0x10 ./Core/Src/input.o
                0x0000000008000d58                isExti
 .text.resetExti
                0x0000000008000d68        0xc ./Core/Src/input.o
                0x0000000008000d68                resetExti
 .text.encoderGetTick
                0x0000000008000d74        0xc ./Core/Src/input.o
                0x0000000008000d74                encoderGetTick
 .text.encoderSetTick
                0x0000000008000d80        0xc ./Core/Src/input.o
                0x0000000008000d80                encoderSetTick
 .text.isPaddleDown
                0x0000000008000d8c       0x18 ./Core/Src/input.o
                0x0000000008000d8c                isPaddleDown
 .text.isHandleDocked
                0x0000000008000da4       0x18 ./Core/Src/input.o
                0x0000000008000da4                isHandleDocked
 .text.exti_callback
                0x0000000008000dbc      0x144 ./Core/Src/input.o
                0x0000000008000dbc                exti_callback
 .text.sendMsg  0x0000000008000f00       0x14 ./Core/Src/main.o
                0x0000000008000f00                sendMsg
 .text.checkState
                0x0000000008000f14       0x20 ./Core/Src/main.o
                0x0000000008000f14                checkState
 .text.doIt     0x0000000008000f34       0x44 ./Core/Src/main.o
                0x0000000008000f34                doIt
 .text.SystemClock_Config
                0x0000000008000f78       0x7e ./Core/Src/main.o
                0x0000000008000f78                SystemClock_Config
 *fill*         0x0000000008000ff6        0x2 
 .text.startup.main
                0x0000000008000ff8      0x390 ./Core/Src/main.o
                0x0000000008000ff8                main
 .text.HAL_GPIO_EXTI_Callback
                0x0000000008001388        0x4 ./Core/Src/main.o
                0x0000000008001388                HAL_GPIO_EXTI_Callback
 .text.HAL_ADC_ConvCpltCallback
                0x000000000800138c       0x84 ./Core/Src/main.o
                0x000000000800138c                HAL_ADC_ConvCpltCallback
 .text.startADC
                0x0000000008001410       0x2c ./Core/Src/main.o
                0x0000000008001410                startADC
 .text.HAL_TIM_PeriodElapsedCallback
                0x000000000800143c       0x48 ./Core/Src/main.o
                0x000000000800143c                HAL_TIM_PeriodElapsedCallback
 .text.Error_Handler
                0x0000000008001484        0x4 ./Core/Src/main.o
                0x0000000008001484                Error_Handler
 .text.SSD1306_Fill
                0x0000000008001488       0x18 ./Core/Src/ssd1306.o
                0x0000000008001488                SSD1306_Fill
 .text.SSD1306_DrawPixel
                0x00000000080014a0       0x48 ./Core/Src/ssd1306.o
                0x00000000080014a0                SSD1306_DrawPixel
 .text.SSD1306_GotoXY
                0x00000000080014e8        0xc ./Core/Src/ssd1306.o
                0x00000000080014e8                SSD1306_GotoXY
 .text.SSD1306_Putc
                0x00000000080014f4       0x9c ./Core/Src/ssd1306.o
                0x00000000080014f4                SSD1306_Putc
 .text.SSD1306_Puts
                0x0000000008001590       0x20 ./Core/Src/ssd1306.o
                0x0000000008001590                SSD1306_Puts
 .text.ssd1306_I2C_WriteMulti
                0x00000000080015b0       0x3c ./Core/Src/ssd1306.o
                0x00000000080015b0                ssd1306_I2C_WriteMulti
 .text.ssd1306_I2C_Write
                0x00000000080015ec       0x24 ./Core/Src/ssd1306.o
                0x00000000080015ec                ssd1306_I2C_Write
 .text.SSD1306_UpdateScreen
                0x0000000008001610       0x44 ./Core/Src/ssd1306.o
                0x0000000008001610                SSD1306_UpdateScreen
 .text.SSD1306_Init
                0x0000000008001654      0x15c ./Core/Src/ssd1306.o
                0x0000000008001654                SSD1306_Init
 .text.HAL_MspInit
                0x00000000080017b0       0x44 ./Core/Src/stm32f1xx_hal_msp.o
                0x00000000080017b0                HAL_MspInit
 .text.HAL_ADC_MspInit
                0x00000000080017f4       0xa4 ./Core/Src/stm32f1xx_hal_msp.o
                0x00000000080017f4                HAL_ADC_MspInit
 .text.HAL_I2C_MspInit
                0x0000000008001898       0x84 ./Core/Src/stm32f1xx_hal_msp.o
                0x0000000008001898                HAL_I2C_MspInit
 .text.HAL_TIM_Base_MspInit
                0x000000000800191c       0x60 ./Core/Src/stm32f1xx_hal_msp.o
                0x000000000800191c                HAL_TIM_Base_MspInit
 .text.HAL_TIM_MspPostInit
                0x000000000800197c       0x4c ./Core/Src/stm32f1xx_hal_msp.o
                0x000000000800197c                HAL_TIM_MspPostInit
 .text.HAL_UART_MspInit
                0x00000000080019c8       0x78 ./Core/Src/stm32f1xx_hal_msp.o
                0x00000000080019c8                HAL_UART_MspInit
 .text.NMI_Handler
                0x0000000008001a40        0x2 ./Core/Src/stm32f1xx_it.o
                0x0000000008001a40                NMI_Handler
 .text.HardFault_Handler
                0x0000000008001a42        0x2 ./Core/Src/stm32f1xx_it.o
                0x0000000008001a42                HardFault_Handler
 .text.MemManage_Handler
                0x0000000008001a44        0x2 ./Core/Src/stm32f1xx_it.o
                0x0000000008001a44                MemManage_Handler
 .text.BusFault_Handler
                0x0000000008001a46        0x2 ./Core/Src/stm32f1xx_it.o
                0x0000000008001a46                BusFault_Handler
 .text.UsageFault_Handler
                0x0000000008001a48        0x2 ./Core/Src/stm32f1xx_it.o
                0x0000000008001a48                UsageFault_Handler
 .text.SVC_Handler
                0x0000000008001a4a        0x2 ./Core/Src/stm32f1xx_it.o
                0x0000000008001a4a                SVC_Handler
 .text.DebugMon_Handler
                0x0000000008001a4c        0x2 ./Core/Src/stm32f1xx_it.o
                0x0000000008001a4c                DebugMon_Handler
 .text.PendSV_Handler
                0x0000000008001a4e        0x2 ./Core/Src/stm32f1xx_it.o
                0x0000000008001a4e                PendSV_Handler
 .text.SysTick_Handler
                0x0000000008001a50        0x4 ./Core/Src/stm32f1xx_it.o
                0x0000000008001a50                SysTick_Handler
 .text.DMA1_Channel1_IRQHandler
                0x0000000008001a54        0xc ./Core/Src/stm32f1xx_it.o
                0x0000000008001a54                DMA1_Channel1_IRQHandler
 .text.ADC1_2_IRQHandler
                0x0000000008001a60        0xc ./Core/Src/stm32f1xx_it.o
                0x0000000008001a60                ADC1_2_IRQHandler
 .text.TIM2_IRQHandler
                0x0000000008001a6c        0xc ./Core/Src/stm32f1xx_it.o
                0x0000000008001a6c                TIM2_IRQHandler
 .text.I2C1_EV_IRQHandler
                0x0000000008001a78        0xc ./Core/Src/stm32f1xx_it.o
                0x0000000008001a78                I2C1_EV_IRQHandler
 .text.I2C1_ER_IRQHandler
                0x0000000008001a84        0xc ./Core/Src/stm32f1xx_it.o
                0x0000000008001a84                I2C1_ER_IRQHandler
 .text.EXTI15_10_IRQHandler
                0x0000000008001a90       0x26 ./Core/Src/stm32f1xx_it.o
                0x0000000008001a90                EXTI15_10_IRQHandler
 .text.SystemInit
                0x0000000008001ab6        0x2 ./Core/Src/system_stm32f1xx.o
                0x0000000008001ab6                SystemInit
 .text.Reset_Handler
                0x0000000008001ab8       0x48 ./Core/Startup/startup_stm32f103c6tx.o
                0x0000000008001ab8                Reset_Handler
 .text.Default_Handler
                0x0000000008001b00        0x2 ./Core/Startup/startup_stm32f103c6tx.o
                0x0000000008001b00                RTC_Alarm_IRQHandler
                0x0000000008001b00                EXTI2_IRQHandler
                0x0000000008001b00                TIM1_CC_IRQHandler
                0x0000000008001b00                PVD_IRQHandler
                0x0000000008001b00                EXTI3_IRQHandler
                0x0000000008001b00                EXTI0_IRQHandler
                0x0000000008001b00                SPI1_IRQHandler
                0x0000000008001b00                TAMPER_IRQHandler
                0x0000000008001b00                DMA1_Channel4_IRQHandler
                0x0000000008001b00                RTC_IRQHandler
                0x0000000008001b00                DMA1_Channel7_IRQHandler
                0x0000000008001b00                CAN1_RX1_IRQHandler
                0x0000000008001b00                DMA1_Channel6_IRQHandler
                0x0000000008001b00                TIM3_IRQHandler
                0x0000000008001b00                RCC_IRQHandler
                0x0000000008001b00                TIM1_TRG_COM_IRQHandler
                0x0000000008001b00                Default_Handler
                0x0000000008001b00                EXTI9_5_IRQHandler
                0x0000000008001b00                DMA1_Channel5_IRQHandler
                0x0000000008001b00                EXTI4_IRQHandler
                0x0000000008001b00                USB_LP_CAN1_RX0_IRQHandler
                0x0000000008001b00                USB_HP_CAN1_TX_IRQHandler
                0x0000000008001b00                DMA1_Channel3_IRQHandler
                0x0000000008001b00                TIM1_UP_IRQHandler
                0x0000000008001b00                WWDG_IRQHandler
                0x0000000008001b00                TIM1_BRK_IRQHandler
                0x0000000008001b00                EXTI1_IRQHandler
                0x0000000008001b00                USART2_IRQHandler
                0x0000000008001b00                DMA1_Channel2_IRQHandler
                0x0000000008001b00                CAN1_SCE_IRQHandler
                0x0000000008001b00                FLASH_IRQHandler
                0x0000000008001b00                USART1_IRQHandler
                0x0000000008001b00                USBWakeUp_IRQHandler
 *fill*         0x0000000008001b02        0x2 
 .text.HAL_InitTick
                0x0000000008001b04       0x48 ./Drivers/STM32F1xx_HAL_Driver/Src/stm32f1xx_hal.o
                0x0000000008001b04                HAL_InitTick
 .text.HAL_Init
                0x0000000008001b4c       0x24 ./Drivers/STM32F1xx_HAL_Driver/Src/stm32f1xx_hal.o
                0x0000000008001b4c                HAL_Init
 .text.HAL_IncTick
                0x0000000008001b70       0x18 ./Drivers/STM32F1xx_HAL_Driver/Src/stm32f1xx_hal.o
                0x0000000008001b70                HAL_IncTick
 .text.HAL_GetTick
                0x0000000008001b88        0xc ./Drivers/STM32F1xx_HAL_Driver/Src/stm32f1xx_hal.o
                0x0000000008001b88                HAL_GetTick
 .text.HAL_Delay
                0x0000000008001b94       0x24 ./Drivers/STM32F1xx_HAL_Driver/Src/stm32f1xx_hal.o
                0x0000000008001b94                HAL_Delay
 .text.ADC_DMAConvCplt
                0x0000000008001bb8       0x4e ./Drivers/STM32F1xx_HAL_Driver/Src/stm32f1xx_hal_adc.o
                0x0000000008001bb8                ADC_DMAConvCplt
 .text.HAL_ADC_ConvHalfCpltCallback
                0x0000000008001c06        0x2 ./Drivers/STM32F1xx_HAL_Driver/Src/stm32f1xx_hal_adc.o
                0x0000000008001c06                HAL_ADC_ConvHalfCpltCallback
 .text.ADC_DMAHalfConvCplt
                0x0000000008001c08        0xa ./Drivers/STM32F1xx_HAL_Driver/Src/stm32f1xx_hal_adc.o
                0x0000000008001c08                ADC_DMAHalfConvCplt
 .text.HAL_ADC_LevelOutOfWindowCallback
                0x0000000008001c12        0x2 ./Drivers/STM32F1xx_HAL_Driver/Src/stm32f1xx_hal_adc.o
                0x0000000008001c12                HAL_ADC_LevelOutOfWindowCallback
 .text.HAL_ADC_IRQHandler
                0x0000000008001c14       0xe2 ./Drivers/STM32F1xx_HAL_Driver/Src/stm32f1xx_hal_adc.o
                0x0000000008001c14                HAL_ADC_IRQHandler
 .text.HAL_ADC_ErrorCallback
                0x0000000008001cf6        0x2 ./Drivers/STM32F1xx_HAL_Driver/Src/stm32f1xx_hal_adc.o
                0x0000000008001cf6                HAL_ADC_ErrorCallback
 .text.ADC_DMAError
                0x0000000008001cf8       0x1a ./Drivers/STM32F1xx_HAL_Driver/Src/stm32f1xx_hal_adc.o
                0x0000000008001cf8                ADC_DMAError
 *fill*         0x0000000008001d12        0x2 
 .text.HAL_ADC_ConfigChannel
                0x0000000008001d14       0xfc ./Drivers/STM32F1xx_HAL_Driver/Src/stm32f1xx_hal_adc.o
                0x0000000008001d14                HAL_ADC_ConfigChannel
 .text.ADC_Enable
                0x0000000008001e10       0x78 ./Drivers/STM32F1xx_HAL_Driver/Src/stm32f1xx_hal_adc.o
                0x0000000008001e10                ADC_Enable
 .text.HAL_ADC_Start_DMA
                0x0000000008001e88      0x11c ./Drivers/STM32F1xx_HAL_Driver/Src/stm32f1xx_hal_adc.o
                0x0000000008001e88                HAL_ADC_Start_DMA
 .text.ADC_ConversionStop_Disable
                0x0000000008001fa4       0x4c ./Drivers/STM32F1xx_HAL_Driver/Src/stm32f1xx_hal_adc.o
                0x0000000008001fa4                ADC_ConversionStop_Disable
 .text.HAL_ADC_Init
                0x0000000008001ff0       0xfc ./Drivers/STM32F1xx_HAL_Driver/Src/stm32f1xx_hal_adc.o
                0x0000000008001ff0                HAL_ADC_Init
 .text.HAL_ADCEx_Calibration_Start
                0x00000000080020ec       0xe0 ./Drivers/STM32F1xx_HAL_Driver/Src/stm32f1xx_hal_adc_ex.o
                0x00000000080020ec                HAL_ADCEx_Calibration_Start
 .text.HAL_ADCEx_InjectedConvCpltCallback
                0x00000000080021cc        0x2 ./Drivers/STM32F1xx_HAL_Driver/Src/stm32f1xx_hal_adc_ex.o
                0x00000000080021cc                HAL_ADCEx_InjectedConvCpltCallback
 *fill*         0x00000000080021ce        0x2 
 .text.HAL_NVIC_SetPriorityGrouping
                0x00000000080021d0       0x24 ./Drivers/STM32F1xx_HAL_Driver/Src/stm32f1xx_hal_cortex.o
                0x00000000080021d0                HAL_NVIC_SetPriorityGrouping
 .text.HAL_NVIC_SetPriority
                0x00000000080021f4       0x60 ./Drivers/STM32F1xx_HAL_Driver/Src/stm32f1xx_hal_cortex.o
                0x00000000080021f4                HAL_NVIC_SetPriority
 .text.HAL_NVIC_EnableIRQ
                0x0000000008002254       0x1c ./Drivers/STM32F1xx_HAL_Driver/Src/stm32f1xx_hal_cortex.o
                0x0000000008002254                HAL_NVIC_EnableIRQ
 .text.HAL_SYSTICK_Config
                0x0000000008002270       0x28 ./Drivers/STM32F1xx_HAL_Driver/Src/stm32f1xx_hal_cortex.o
                0x0000000008002270                HAL_SYSTICK_Config
 .text.HAL_DMA_Init
                0x0000000008002298       0x64 ./Drivers/STM32F1xx_HAL_Driver/Src/stm32f1xx_hal_dma.o
                0x0000000008002298                HAL_DMA_Init
 .text.HAL_DMA_Start_IT
                0x00000000080022fc       0x7e ./Drivers/STM32F1xx_HAL_Driver/Src/stm32f1xx_hal_dma.o
                0x00000000080022fc                HAL_DMA_Start_IT
 *fill*         0x000000000800237a        0x2 
 .text.HAL_DMA_Abort_IT
                0x000000000800237c       0x90 ./Drivers/STM32F1xx_HAL_Driver/Src/stm32f1xx_hal_dma.o
                0x000000000800237c                HAL_DMA_Abort_IT
 .text.HAL_DMA_IRQHandler
                0x000000000800240c      0x128 ./Drivers/STM32F1xx_HAL_Driver/Src/stm32f1xx_hal_dma.o
                0x000000000800240c                HAL_DMA_IRQHandler
 .text.HAL_DMA_GetState
                0x0000000008002534        0x6 ./Drivers/STM32F1xx_HAL_Driver/Src/stm32f1xx_hal_dma.o
                0x0000000008002534                HAL_DMA_GetState
 *fill*         0x000000000800253a        0x2 
 .text.HAL_GPIO_Init
                0x000000000800253c      0x1ac ./Drivers/STM32F1xx_HAL_Driver/Src/stm32f1xx_hal_gpio.o
                0x000000000800253c                HAL_GPIO_Init
 .text.HAL_GPIO_ReadPin
                0x00000000080026e8        0xc ./Drivers/STM32F1xx_HAL_Driver/Src/stm32f1xx_hal_gpio.o
                0x00000000080026e8                HAL_GPIO_ReadPin
 .text.HAL_GPIO_WritePin
                0x00000000080026f4        0xa ./Drivers/STM32F1xx_HAL_Driver/Src/stm32f1xx_hal_gpio.o
                0x00000000080026f4                HAL_GPIO_WritePin
 .text.HAL_GPIO_TogglePin
                0x00000000080026fe       0x12 ./Drivers/STM32F1xx_HAL_Driver/Src/stm32f1xx_hal_gpio.o
                0x00000000080026fe                HAL_GPIO_TogglePin
 .text.HAL_GPIO_EXTI_IRQHandler
                0x0000000008002710       0x18 ./Drivers/STM32F1xx_HAL_Driver/Src/stm32f1xx_hal_gpio.o
                0x0000000008002710                HAL_GPIO_EXTI_IRQHandler
 .text.I2C_IsAcknowledgeFailed
                0x0000000008002728       0x32 ./Drivers/STM32F1xx_HAL_Driver/Src/stm32f1xx_hal_i2c.o
 .text.I2C_WaitOnFlagUntilTimeout
                0x000000000800275a       0x80 ./Drivers/STM32F1xx_HAL_Driver/Src/stm32f1xx_hal_i2c.o
 .text.I2C_WaitOnMasterAddressFlagUntilTimeout
                0x00000000080027da       0x84 ./Drivers/STM32F1xx_HAL_Driver/Src/stm32f1xx_hal_i2c.o
 .text.I2C_WaitOnTXEFlagUntilTimeout
                0x000000000800285e       0x54 ./Drivers/STM32F1xx_HAL_Driver/Src/stm32f1xx_hal_i2c.o
 *fill*         0x00000000080028b2        0x2 
 .text.I2C_RequestMemoryWrite
                0x00000000080028b4       0xb0 ./Drivers/STM32F1xx_HAL_Driver/Src/stm32f1xx_hal_i2c.o
 .text.I2C_RequestMemoryRead
                0x0000000008002964      0x104 ./Drivers/STM32F1xx_HAL_Driver/Src/stm32f1xx_hal_i2c.o
 .text.I2C_WaitOnBTFFlagUntilTimeout
                0x0000000008002a68       0x54 ./Drivers/STM32F1xx_HAL_Driver/Src/stm32f1xx_hal_i2c.o
 .text.I2C_WaitOnRXNEFlagUntilTimeout
                0x0000000008002abc       0x66 ./Drivers/STM32F1xx_HAL_Driver/Src/stm32f1xx_hal_i2c.o
 *fill*         0x0000000008002b22        0x2 
 .text.HAL_I2C_Init
                0x0000000008002b24      0x150 ./Drivers/STM32F1xx_HAL_Driver/Src/stm32f1xx_hal_i2c.o
                0x0000000008002b24                HAL_I2C_Init
 .text.HAL_I2C_Master_Transmit
                0x0000000008002c74      0x1b0 ./Drivers/STM32F1xx_HAL_Driver/Src/stm32f1xx_hal_i2c.o
                0x0000000008002c74                HAL_I2C_Master_Transmit
 .text.HAL_I2C_Mem_Write
                0x0000000008002e24      0x120 ./Drivers/STM32F1xx_HAL_Driver/Src/stm32f1xx_hal_i2c.o
                0x0000000008002e24                HAL_I2C_Mem_Write
 .text.HAL_I2C_Mem_Read
                0x0000000008002f44      0x27c ./Drivers/STM32F1xx_HAL_Driver/Src/stm32f1xx_hal_i2c.o
                0x0000000008002f44                HAL_I2C_Mem_Read
 .text.HAL_I2C_IsDeviceReady
                0x00000000080031c0      0x160 ./Drivers/STM32F1xx_HAL_Driver/Src/stm32f1xx_hal_i2c.o
                0x00000000080031c0                HAL_I2C_IsDeviceReady
 .text.HAL_I2C_MasterTxCpltCallback
                0x0000000008003320        0x2 ./Drivers/STM32F1xx_HAL_Driver/Src/stm32f1xx_hal_i2c.o
                0x0000000008003320                HAL_I2C_MasterTxCpltCallback
 .text.HAL_I2C_MasterRxCpltCallback
                0x0000000008003322        0x2 ./Drivers/STM32F1xx_HAL_Driver/Src/stm32f1xx_hal_i2c.o
                0x0000000008003322                HAL_I2C_MasterRxCpltCallback
 .text.HAL_I2C_SlaveTxCpltCallback
                0x0000000008003324        0x2 ./Drivers/STM32F1xx_HAL_Driver/Src/stm32f1xx_hal_i2c.o
                0x0000000008003324                HAL_I2C_SlaveTxCpltCallback
 .text.HAL_I2C_SlaveRxCpltCallback
                0x0000000008003326        0x2 ./Drivers/STM32F1xx_HAL_Driver/Src/stm32f1xx_hal_i2c.o
                0x0000000008003326                HAL_I2C_SlaveRxCpltCallback
 .text.HAL_I2C_AddrCallback
                0x0000000008003328        0x2 ./Drivers/STM32F1xx_HAL_Driver/Src/stm32f1xx_hal_i2c.o
                0x0000000008003328                HAL_I2C_AddrCallback
 .text.HAL_I2C_ListenCpltCallback
                0x000000000800332a        0x2 ./Drivers/STM32F1xx_HAL_Driver/Src/stm32f1xx_hal_i2c.o
                0x000000000800332a                HAL_I2C_ListenCpltCallback
 .text.HAL_I2C_MemTxCpltCallback
                0x000000000800332c        0x2 ./Drivers/STM32F1xx_HAL_Driver/Src/stm32f1xx_hal_i2c.o
                0x000000000800332c                HAL_I2C_MemTxCpltCallback
 .text.I2C_MemoryTransmit_TXE_BTF
                0x000000000800332e       0xb0 ./Drivers/STM32F1xx_HAL_Driver/Src/stm32f1xx_hal_i2c.o
 .text.HAL_I2C_MemRxCpltCallback
                0x00000000080033de        0x2 ./Drivers/STM32F1xx_HAL_Driver/Src/stm32f1xx_hal_i2c.o
                0x00000000080033de                HAL_I2C_MemRxCpltCallback
 .text.HAL_I2C_ErrorCallback
                0x00000000080033e0        0x2 ./Drivers/STM32F1xx_HAL_Driver/Src/stm32f1xx_hal_i2c.o
                0x00000000080033e0                HAL_I2C_ErrorCallback
 .text.HAL_I2C_AbortCpltCallback
                0x00000000080033e2        0x2 ./Drivers/STM32F1xx_HAL_Driver/Src/stm32f1xx_hal_i2c.o
                0x00000000080033e2                HAL_I2C_AbortCpltCallback
 .text.I2C_DMAAbort
                0x00000000080033e4       0xc0 ./Drivers/STM32F1xx_HAL_Driver/Src/stm32f1xx_hal_i2c.o
 .text.I2C_ITError
                0x00000000080034a4      0x150 ./Drivers/STM32F1xx_HAL_Driver/Src/stm32f1xx_hal_i2c.o
 .text.HAL_I2C_EV_IRQHandler
                0x00000000080035f4      0x890 ./Drivers/STM32F1xx_HAL_Driver/Src/stm32f1xx_hal_i2c.o
                0x00000000080035f4                HAL_I2C_EV_IRQHandler
 .text.HAL_I2C_ER_IRQHandler
                0x0000000008003e84      0x140 ./Drivers/STM32F1xx_HAL_Driver/Src/stm32f1xx_hal_i2c.o
                0x0000000008003e84                HAL_I2C_ER_IRQHandler
 .text.HAL_RCC_OscConfig
                0x0000000008003fc4      0x338 ./Drivers/STM32F1xx_HAL_Driver/Src/stm32f1xx_hal_rcc.o
                0x0000000008003fc4                HAL_RCC_OscConfig
 .text.HAL_RCC_GetSysClockFreq
                0x00000000080042fc       0x4c ./Drivers/STM32F1xx_HAL_Driver/Src/stm32f1xx_hal_rcc.o
                0x00000000080042fc                HAL_RCC_GetSysClockFreq
 .text.HAL_RCC_ClockConfig
                0x0000000008004348      0x138 ./Drivers/STM32F1xx_HAL_Driver/Src/stm32f1xx_hal_rcc.o
                0x0000000008004348                HAL_RCC_ClockConfig
 .text.HAL_RCC_GetPCLK1Freq
                0x0000000008004480       0x20 ./Drivers/STM32F1xx_HAL_Driver/Src/stm32f1xx_hal_rcc.o
                0x0000000008004480                HAL_RCC_GetPCLK1Freq
 .text.HAL_RCC_GetPCLK2Freq
                0x00000000080044a0       0x20 ./Drivers/STM32F1xx_HAL_Driver/Src/stm32f1xx_hal_rcc.o
                0x00000000080044a0                HAL_RCC_GetPCLK2Freq
 .text.HAL_RCCEx_PeriphCLKConfig
                0x00000000080044c0       0xf4 ./Drivers/STM32F1xx_HAL_Driver/Src/stm32f1xx_hal_rcc_ex.o
                0x00000000080044c0                HAL_RCCEx_PeriphCLKConfig
 .text.HAL_RCCEx_GetPeriphCLKFreq
                0x00000000080045b4       0xbc ./Drivers/STM32F1xx_HAL_Driver/Src/stm32f1xx_hal_rcc_ex.o
                0x00000000080045b4                HAL_RCCEx_GetPeriphCLKFreq
 .text.TIM_OC1_SetConfig
                0x0000000008004670       0x50 ./Drivers/STM32F1xx_HAL_Driver/Src/stm32f1xx_hal_tim.o
 .text.TIM_OC3_SetConfig
                0x00000000080046c0       0x54 ./Drivers/STM32F1xx_HAL_Driver/Src/stm32f1xx_hal_tim.o
 .text.TIM_OC4_SetConfig
                0x0000000008004714       0x44 ./Drivers/STM32F1xx_HAL_Driver/Src/stm32f1xx_hal_tim.o
 .text.HAL_TIM_Base_Start_IT
                0x0000000008004758       0x4c ./Drivers/STM32F1xx_HAL_Driver/Src/stm32f1xx_hal_tim.o
                0x0000000008004758                HAL_TIM_Base_Start_IT
 .text.HAL_TIM_PWM_MspInit
                0x00000000080047a4        0x2 ./Drivers/STM32F1xx_HAL_Driver/Src/stm32f1xx_hal_tim.o
                0x00000000080047a4                HAL_TIM_PWM_MspInit
 .text.HAL_TIM_OC_DelayElapsedCallback
                0x00000000080047a6        0x2 ./Drivers/STM32F1xx_HAL_Driver/Src/stm32f1xx_hal_tim.o
                0x00000000080047a6                HAL_TIM_OC_DelayElapsedCallback
 .text.HAL_TIM_IC_CaptureCallback
                0x00000000080047a8        0x2 ./Drivers/STM32F1xx_HAL_Driver/Src/stm32f1xx_hal_tim.o
                0x00000000080047a8                HAL_TIM_IC_CaptureCallback
 .text.HAL_TIM_PWM_PulseFinishedCallback
                0x00000000080047aa        0x2 ./Drivers/STM32F1xx_HAL_Driver/Src/stm32f1xx_hal_tim.o
                0x00000000080047aa                HAL_TIM_PWM_PulseFinishedCallback
 .text.HAL_TIM_TriggerCallback
                0x00000000080047ac        0x2 ./Drivers/STM32F1xx_HAL_Driver/Src/stm32f1xx_hal_tim.o
                0x00000000080047ac                HAL_TIM_TriggerCallback
 .text.HAL_TIM_IRQHandler
                0x00000000080047ae      0x144 ./Drivers/STM32F1xx_HAL_Driver/Src/stm32f1xx_hal_tim.o
                0x00000000080047ae                HAL_TIM_IRQHandler
 *fill*         0x00000000080048f2        0x2 
 .text.TIM_Base_SetConfig
                0x00000000080048f4       0x64 ./Drivers/STM32F1xx_HAL_Driver/Src/stm32f1xx_hal_tim.o
                0x00000000080048f4                TIM_Base_SetConfig
 .text.HAL_TIM_Base_Init
                0x0000000008004958       0x58 ./Drivers/STM32F1xx_HAL_Driver/Src/stm32f1xx_hal_tim.o
                0x0000000008004958                HAL_TIM_Base_Init
 .text.HAL_TIM_PWM_Init
                0x00000000080049b0       0x58 ./Drivers/STM32F1xx_HAL_Driver/Src/stm32f1xx_hal_tim.o
                0x00000000080049b0                HAL_TIM_PWM_Init
 .text.TIM_OC2_SetConfig
                0x0000000008004a08       0x58 ./Drivers/STM32F1xx_HAL_Driver/Src/stm32f1xx_hal_tim.o
                0x0000000008004a08                TIM_OC2_SetConfig
 .text.HAL_TIM_PWM_ConfigChannel
                0x0000000008004a60       0xb2 ./Drivers/STM32F1xx_HAL_Driver/Src/stm32f1xx_hal_tim.o
                0x0000000008004a60                HAL_TIM_PWM_ConfigChannel
 .text.TIM_ETR_SetConfig
                0x0000000008004b12       0x14 ./Drivers/STM32F1xx_HAL_Driver/Src/stm32f1xx_hal_tim.o
                0x0000000008004b12                TIM_ETR_SetConfig
 .text.HAL_TIM_ConfigClockSource
                0x0000000008004b26      0x132 ./Drivers/STM32F1xx_HAL_Driver/Src/stm32f1xx_hal_tim.o
                0x0000000008004b26                HAL_TIM_ConfigClockSource
 .text.HAL_TIMEx_MasterConfigSynchronization
                0x0000000008004c58       0x54 ./Drivers/STM32F1xx_HAL_Driver/Src/stm32f1xx_hal_tim_ex.o
                0x0000000008004c58                HAL_TIMEx_MasterConfigSynchronization
 .text.HAL_TIMEx_CommutCallback
                0x0000000008004cac        0x2 ./Drivers/STM32F1xx_HAL_Driver/Src/stm32f1xx_hal_tim_ex.o
                0x0000000008004cac                HAL_TIMEx_CommutCallback
 .text.HAL_TIMEx_BreakCallback
                0x0000000008004cae        0x2 ./Drivers/STM32F1xx_HAL_Driver/Src/stm32f1xx_hal_tim_ex.o
                0x0000000008004cae                HAL_TIMEx_BreakCallback
 .text.UART_SetConfig
                0x0000000008004cb0       0x74 ./Drivers/STM32F1xx_HAL_Driver/Src/stm32f1xx_hal_uart.o
 .text.UART_WaitOnFlagUntilTimeout.constprop.0
                0x0000000008004d24       0x6c ./Drivers/STM32F1xx_HAL_Driver/Src/stm32f1xx_hal_uart.o
 .text.HAL_UART_Init
                0x0000000008004d90       0x5e ./Drivers/STM32F1xx_HAL_Driver/Src/stm32f1xx_hal_uart.o
                0x0000000008004d90                HAL_UART_Init
 .text.HAL_UART_Transmit
                0x0000000008004dee       0x96 ./Drivers/STM32F1xx_HAL_Driver/Src/stm32f1xx_hal_uart.o
                0x0000000008004dee                HAL_UART_Transmit
 .text.__itoa   0x0000000008004e84       0x30 G:/tools/STM32CubeIDE_1.13.1/STM32CubeIDE/plugins/com.st.stm32cube.ide.mcu.externaltools.gnu-tools-for-stm32.11.3.rel1.win32_1.1.100.202309141235/tools/bin/../lib/gcc/arm-none-eabi/11.3.1/../../../../arm-none-eabi/lib/thumb/v7-m/nofp\libc_nano.a(libc_a-itoa.o)
                0x0000000008004e84                __itoa
 .text.itoa     0x0000000008004eb4        0x4 G:/tools/STM32CubeIDE_1.13.1/STM32CubeIDE/plugins/com.st.stm32cube.ide.mcu.externaltools.gnu-tools-for-stm32.11.3.rel1.win32_1.1.100.202309141235/tools/bin/../lib/gcc/arm-none-eabi/11.3.1/../../../../arm-none-eabi/lib/thumb/v7-m/nofp\libc_nano.a(libc_a-itoa.o)
                0x0000000008004eb4                itoa
 .text.__utoa   0x0000000008004eb8       0x84 G:/tools/STM32CubeIDE_1.13.1/STM32CubeIDE/plugins/com.st.stm32cube.ide.mcu.externaltools.gnu-tools-for-stm32.11.3.rel1.win32_1.1.100.202309141235/tools/bin/../lib/gcc/arm-none-eabi/11.3.1/../../../../arm-none-eabi/lib/thumb/v7-m/nofp\libc_nano.a(libc_a-utoa.o)
                0x0000000008004eb8                __utoa
 .text.utoa     0x0000000008004f3c        0x4 G:/tools/STM32CubeIDE_1.13.1/STM32CubeIDE/plugins/com.st.stm32cube.ide.mcu.externaltools.gnu-tools-for-stm32.11.3.rel1.win32_1.1.100.202309141235/tools/bin/../lib/gcc/arm-none-eabi/11.3.1/../../../../arm-none-eabi/lib/thumb/v7-m/nofp\libc_nano.a(libc_a-utoa.o)
                0x0000000008004f3c                utoa
 .text.memset   0x0000000008004f40       0x10 G:/tools/STM32CubeIDE_1.13.1/STM32CubeIDE/plugins/com.st.stm32cube.ide.mcu.externaltools.gnu-tools-for-stm32.11.3.rel1.win32_1.1.100.202309141235/tools/bin/../lib/gcc/arm-none-eabi/11.3.1/../../../../arm-none-eabi/lib/thumb/v7-m/nofp\libc_nano.a(libc_a-memset.o)
                0x0000000008004f40                memset
 .text.__libc_init_array
                0x0000000008004f50       0x48 G:/tools/STM32CubeIDE_1.13.1/STM32CubeIDE/plugins/com.st.stm32cube.ide.mcu.externaltools.gnu-tools-for-stm32.11.3.rel1.win32_1.1.100.202309141235/tools/bin/../lib/gcc/arm-none-eabi/11.3.1/../../../../arm-none-eabi/lib/thumb/v7-m/nofp\libc_nano.a(libc_a-init.o)
                0x0000000008004f50                __libc_init_array
 *(.glue_7)
 .glue_7        0x0000000008004f98        0x0 linker stubs
 *(.glue_7t)
 .glue_7t       0x0000000008004f98        0x0 linker stubs
 *(.eh_frame)
 .eh_frame      0x0000000008004f98        0x0 G:/tools/STM32CubeIDE_1.13.1/STM32CubeIDE/plugins/com.st.stm32cube.ide.mcu.externaltools.gnu-tools-for-stm32.11.3.rel1.win32_1.1.100.202309141235/tools/bin/../lib/gcc/arm-none-eabi/11.3.1/thumb/v7-m/nofp/crtbegin.o
 *(.init)
 .init          0x0000000008004f98        0x4 G:/tools/STM32CubeIDE_1.13.1/STM32CubeIDE/plugins/com.st.stm32cube.ide.mcu.externaltools.gnu-tools-for-stm32.11.3.rel1.win32_1.1.100.202309141235/tools/bin/../lib/gcc/arm-none-eabi/11.3.1/thumb/v7-m/nofp/crti.o
                0x0000000008004f98                _init
 .init          0x0000000008004f9c        0x8 G:/tools/STM32CubeIDE_1.13.1/STM32CubeIDE/plugins/com.st.stm32cube.ide.mcu.externaltools.gnu-tools-for-stm32.11.3.rel1.win32_1.1.100.202309141235/tools/bin/../lib/gcc/arm-none-eabi/11.3.1/thumb/v7-m/nofp/crtn.o
 *(.fini)
 .fini          0x0000000008004fa4        0x4 G:/tools/STM32CubeIDE_1.13.1/STM32CubeIDE/plugins/com.st.stm32cube.ide.mcu.externaltools.gnu-tools-for-stm32.11.3.rel1.win32_1.1.100.202309141235/tools/bin/../lib/gcc/arm-none-eabi/11.3.1/thumb/v7-m/nofp/crti.o
                0x0000000008004fa4                _fini
 .fini          0x0000000008004fa8        0x8 G:/tools/STM32CubeIDE_1.13.1/STM32CubeIDE/plugins/com.st.stm32cube.ide.mcu.externaltools.gnu-tools-for-stm32.11.3.rel1.win32_1.1.100.202309141235/tools/bin/../lib/gcc/arm-none-eabi/11.3.1/thumb/v7-m/nofp/crtn.o
                0x0000000008004fb0                . = ALIGN (0x4)
                0x0000000008004fb0                _etext = .

.vfp11_veneer   0x0000000008004fb0        0x0
 .vfp11_veneer  0x0000000008004fb0        0x0 linker stubs

.v4_bx          0x0000000008004fb0        0x0
 .v4_bx         0x0000000008004fb0        0x0 linker stubs

.iplt           0x0000000008004fb0        0x0
 .iplt          0x0000000008004fb0        0x0 G:/tools/STM32CubeIDE_1.13.1/STM32CubeIDE/plugins/com.st.stm32cube.ide.mcu.externaltools.gnu-tools-for-stm32.11.3.rel1.win32_1.1.100.202309141235/tools/bin/../lib/gcc/arm-none-eabi/11.3.1/thumb/v7-m/nofp/crtbegin.o

.rodata         0x0000000008004fb0      0xdc4
                0x0000000008004fb0                . = ALIGN (0x4)
 *(.rodata)
 *(.rodata*)
 .rodata.Font11x18
                0x0000000008004fb0      0xd5c ./Core/Src/fonts.o
                0x0000000008004fb0                Font11x18
 .rodata.main.str1.1
                0x0000000008005d0c        0x6 ./Core/Src/main.o
 .rodata.AHBPrescTable
                0x0000000008005d12       0x10 ./Core/Src/system_stm32f1xx.o
                0x0000000008005d12                AHBPrescTable
 .rodata.APBPrescTable
                0x0000000008005d22        0x8 ./Core/Src/system_stm32f1xx.o
                0x0000000008005d22                APBPrescTable
 .rodata.aPLLMULFactorTable.1
                0x0000000008005d2a       0x10 ./Drivers/STM32F1xx_HAL_Driver/Src/stm32f1xx_hal_rcc.o
 .rodata.aPredivFactorTable.0
                0x0000000008005d3a        0x2 ./Drivers/STM32F1xx_HAL_Driver/Src/stm32f1xx_hal_rcc.o
 .rodata.aPLLMULFactorTable.1
                0x0000000008005d3c       0x10 ./Drivers/STM32F1xx_HAL_Driver/Src/stm32f1xx_hal_rcc_ex.o
 .rodata.aPredivFactorTable.0
                0x0000000008005d4c        0x2 ./Drivers/STM32F1xx_HAL_Driver/Src/stm32f1xx_hal_rcc_ex.o
 .rodata.__utoa.str1.1
                0x0000000008005d4e       0x25 G:/tools/STM32CubeIDE_1.13.1/STM32CubeIDE/plugins/com.st.stm32cube.ide.mcu.externaltools.gnu-tools-for-stm32.11.3.rel1.win32_1.1.100.202309141235/tools/bin/../lib/gcc/arm-none-eabi/11.3.1/../../../../arm-none-eabi/lib/thumb/v7-m/nofp\libc_nano.a(libc_a-utoa.o)
                0x0000000008005d74                . = ALIGN (0x4)
 *fill*         0x0000000008005d73        0x1 

.rel.dyn        0x0000000008005d74        0x0
 .rel.iplt      0x0000000008005d74        0x0 G:/tools/STM32CubeIDE_1.13.1/STM32CubeIDE/plugins/com.st.stm32cube.ide.mcu.externaltools.gnu-tools-for-stm32.11.3.rel1.win32_1.1.100.202309141235/tools/bin/../lib/gcc/arm-none-eabi/11.3.1/thumb/v7-m/nofp/crtbegin.o

.ARM.extab      0x0000000008005d74        0x0
                0x0000000008005d74                . = ALIGN (0x4)
 *(.ARM.extab* .gnu.linkonce.armextab.*)
                0x0000000008005d74                . = ALIGN (0x4)

.ARM            0x0000000008005d74        0x0
                0x0000000008005d74                . = ALIGN (0x4)
                0x0000000008005d74                __exidx_start = .
 *(.ARM.exidx*)
                0x0000000008005d74                __exidx_end = .
                0x0000000008005d74                . = ALIGN (0x4)

.preinit_array  0x0000000008005d74        0x0
                0x0000000008005d74                . = ALIGN (0x4)
                0x0000000008005d74                PROVIDE (__preinit_array_start = .)
 *(.preinit_array*)
                0x0000000008005d74                PROVIDE (__preinit_array_end = .)
                0x0000000008005d74                . = ALIGN (0x4)

.init_array     0x0000000008005d74        0x4
                0x0000000008005d74                . = ALIGN (0x4)
                0x0000000008005d74                PROVIDE (__init_array_start = .)
 *(SORT_BY_NAME(.init_array.*))
 *(.init_array*)
 .init_array    0x0000000008005d74        0x4 G:/tools/STM32CubeIDE_1.13.1/STM32CubeIDE/plugins/com.st.stm32cube.ide.mcu.externaltools.gnu-tools-for-stm32.11.3.rel1.win32_1.1.100.202309141235/tools/bin/../lib/gcc/arm-none-eabi/11.3.1/thumb/v7-m/nofp/crtbegin.o
                0x0000000008005d78                PROVIDE (__init_array_end = .)
                0x0000000008005d78                . = ALIGN (0x4)

.fini_array     0x0000000008005d78        0x4
                0x0000000008005d78                . = ALIGN (0x4)
                [!provide]                        PROVIDE (__fini_array_start = .)
 *(SORT_BY_NAME(.fini_array.*))
 *(.fini_array*)
 .fini_array    0x0000000008005d78        0x4 G:/tools/STM32CubeIDE_1.13.1/STM32CubeIDE/plugins/com.st.stm32cube.ide.mcu.externaltools.gnu-tools-for-stm32.11.3.rel1.win32_1.1.100.202309141235/tools/bin/../lib/gcc/arm-none-eabi/11.3.1/thumb/v7-m/nofp/crtbegin.o
                [!provide]                        PROVIDE (__fini_array_end = .)
                0x0000000008005d7c                . = ALIGN (0x4)
                0x0000000008005d7c                _sidata = LOADADDR (.data)

.data           0x0000000020000000       0x3c load address 0x0000000008005d7c
                0x0000000020000000                . = ALIGN (0x4)
                0x0000000020000000                _sdata = .
 *(.data)
 *(.data*)
 .data.toneType
                0x0000000020000000        0x1 ./Core/Src/common.o
                0x0000000020000000                toneType
 *fill*         0x0000000020000001        0x3 
 .data.Font_11x18
                0x0000000020000004        0x8 ./Core/Src/fonts.o
                0x0000000020000004                Font_11x18
 .data.adcVCalMax
                0x000000002000000c        0x4 ./Core/Src/heater.o
                0x000000002000000c                adcVCalMax
 .data.adcVCalMin
                0x0000000020000010        0x4 ./Core/Src/heater.o
                0x0000000020000010                adcVCalMin
 .data.disabled
                0x0000000020000014        0x1 ./Core/Src/heater.o
                0x0000000020000014                disabled
 *fill*         0x0000000020000015        0x3 
 .data.targetHighTemp
                0x0000000020000018        0x4 ./Core/Src/heater.o
                0x0000000020000018                targetHighTemp
 .data.targetTemp
                0x000000002000001c        0x4 ./Core/Src/heater.o
                0x000000002000001c                targetTemp
 .data.targetWarmTemp
                0x0000000020000020        0x4 ./Core/Src/heater.o
                0x0000000020000020                targetWarmTemp
 .data.tempCalMax
                0x0000000020000024        0x4 ./Core/Src/heater.o
                0x0000000020000024                tempCalMax
 .data.tempCalMin
                0x0000000020000028        0x4 ./Core/Src/heater.o
                0x0000000020000028                tempCalMin
 .data.encoderCt
                0x000000002000002c        0x2 ./Core/Src/input.o
                0x000000002000002c                encoderCt
 .data.inc      0x000000002000002e        0x1 ./Core/Src/input.o
                0x000000002000002e                inc
 .data.HCTickCount
                0x000000002000002f        0x1 ./Core/Src/main.o
                0x000000002000002f                HCTickCount
 .data.SystemCoreClock
                0x0000000020000030        0x4 ./Core/Src/system_stm32f1xx.o
                0x0000000020000030                SystemCoreClock
 .data.uwTickFreq
                0x0000000020000034        0x1 ./Drivers/STM32F1xx_HAL_Driver/Src/stm32f1xx_hal.o
                0x0000000020000034                uwTickFreq
 *fill*         0x0000000020000035        0x3 
 .data.uwTickPrio
                0x0000000020000038        0x4 ./Drivers/STM32F1xx_HAL_Driver/Src/stm32f1xx_hal.o
                0x0000000020000038                uwTickPrio
 *(.RamFunc)
 *(.RamFunc*)
                0x000000002000003c                . = ALIGN (0x4)
                0x000000002000003c                _edata = .

.igot.plt       0x000000002000003c        0x0 load address 0x0000000008005db8
 .igot.plt      0x000000002000003c        0x0 G:/tools/STM32CubeIDE_1.13.1/STM32CubeIDE/plugins/com.st.stm32cube.ide.mcu.externaltools.gnu-tools-for-stm32.11.3.rel1.win32_1.1.100.202309141235/tools/bin/../lib/gcc/arm-none-eabi/11.3.1/thumb/v7-m/nofp/crtbegin.o
                0x000000002000003c                . = ALIGN (0x4)

.bss            0x000000002000003c      0x648 load address 0x0000000008005db8
                0x000000002000003c                _sbss = .
                0x000000002000003c                __bss_start__ = _sbss
 *(.bss)
 .bss           0x000000002000003c       0x1c G:/tools/STM32CubeIDE_1.13.1/STM32CubeIDE/plugins/com.st.stm32cube.ide.mcu.externaltools.gnu-tools-for-stm32.11.3.rel1.win32_1.1.100.202309141235/tools/bin/../lib/gcc/arm-none-eabi/11.3.1/thumb/v7-m/nofp/crtbegin.o
 *(.bss*)
 .bss.HCPowerLevel
                0x0000000020000058        0x1 ./Core/Src/common.o
                0x0000000020000058                HCPowerLevel
 .bss.beep      0x0000000020000059        0x1 ./Core/Src/common.o
                0x0000000020000059                beep
 *fill*         0x000000002000005a        0x2 
 .bss.heatingEndTime
                0x000000002000005c        0x4 ./Core/Src/common.o
                0x000000002000005c                heatingEndTime
 .bss.ncaType   0x0000000020000060        0x1 ./Core/Src/common.o
                0x0000000020000060                ncaType
 .bss.save2eeprom
                0x0000000020000061        0x1 ./Core/Src/common.o
                0x0000000020000061                save2eeprom
 *fill*         0x0000000020000062        0x2 
 .bss.state     0x0000000020000064       0x14 ./Core/Src/common.o
                0x0000000020000064                state
 .bss.warmEndTime
                0x0000000020000078        0x4 ./Core/Src/common.o
                0x0000000020000078                warmEndTime
 .bss.encTickMemAddress
                0x000000002000007c        0x2 ./Core/Src/eeprom.o
                0x000000002000007c                encTickMemAddress
 *fill*         0x000000002000007e        0x2 
 .bss.hi2c11    0x0000000020000080        0x4 ./Core/Src/eeprom.o
                0x0000000020000080                hi2c11
 .bss.huart11   0x0000000020000084        0x4 ./Core/Src/eeprom.o
                0x0000000020000084                huart11
 .bss.sAdcVal   0x0000000020000088        0x4 ./Core/Src/gui.o
                0x0000000020000088                sAdcVal
 .bss.sMode     0x000000002000008c        0x1 ./Core/Src/gui.o
                0x000000002000008c                sMode
 .bss.sPower    0x000000002000008d        0x3 ./Core/Src/gui.o
                0x000000002000008d                sPower
 .bss.stemp     0x0000000020000090        0x5 ./Core/Src/gui.o
                0x0000000020000090                stemp
 *fill*         0x0000000020000095        0x1 
 .bss.heaterPin
                0x0000000020000096        0x2 ./Core/Src/heater.o
                0x0000000020000096                heaterPin
 .bss.heaterPinPort
                0x0000000020000098        0x4 ./Core/Src/heater.o
                0x0000000020000098                heaterPinPort
 .bss.pSt       0x000000002000009c        0x4 ./Core/Src/heater.o
                0x000000002000009c                pSt
 .bss.targetHighTempAdcVal
                0x00000000200000a0        0x4 ./Core/Src/heater.o
                0x00000000200000a0                targetHighTempAdcVal
 .bss.targetTempAdcVal
                0x00000000200000a4        0x4 ./Core/Src/heater.o
                0x00000000200000a4                targetTempAdcVal
 .bss.targetWarmTempAdcVal
                0x00000000200000a8        0x4 ./Core/Src/heater.o
                0x00000000200000a8                targetWarmTempAdcVal
 .bss.tempCalDelta
                0x00000000200000ac        0x4 ./Core/Src/heater.o
                0x00000000200000ac                tempCalDelta
 .bss.vCalDelta
                0x00000000200000b0        0x4 ./Core/Src/heater.o
                0x00000000200000b0                vCalDelta
 .bss.currentMillis
                0x00000000200000b4        0x4 ./Core/Src/input.o
                0x00000000200000b4                currentMillis
 .bss.exti      0x00000000200000b8        0x1 ./Core/Src/input.o
                0x00000000200000b8                exti
 *fill*         0x00000000200000b9        0x3 
 .bss.pStat     0x00000000200000bc        0x4 ./Core/Src/input.o
                0x00000000200000bc                pStat
 .bss.previousMillis
                0x00000000200000c0        0x4 ./Core/Src/input.o
                0x00000000200000c0                previousMillis
 .bss.pt        0x00000000200000c4        0x4 ./Core/Src/input.o
                0x00000000200000c4                pt
 .bss.adcCount  0x00000000200000c8        0x2 ./Core/Src/main.o
                0x00000000200000c8                adcCount
 *fill*         0x00000000200000ca        0x2 
 .bss.adcValues
                0x00000000200000cc        0xc ./Core/Src/main.o
                0x00000000200000cc                adcValues
 .bss.hadc1     0x00000000200000d8       0x30 ./Core/Src/main.o
                0x00000000200000d8                hadc1
 .bss.hdma_adc1
                0x0000000020000108       0x44 ./Core/Src/main.o
                0x0000000020000108                hdma_adc1
 .bss.hi2c1     0x000000002000014c       0x54 ./Core/Src/main.o
                0x000000002000014c                hi2c1
 .bss.htim2     0x00000000200001a0       0x48 ./Core/Src/main.o
                0x00000000200001a0                htim2
 .bss.htim3     0x00000000200001e8       0x48 ./Core/Src/main.o
                0x00000000200001e8                htim3
 .bss.huart1    0x0000000020000230       0x48 ./Core/Src/main.o
                0x0000000020000230                huart1
 .bss.updateGui
                0x0000000020000278        0x1 ./Core/Src/main.o
                0x0000000020000278                updateGui
 *fill*         0x0000000020000279        0x1 
 .bss.SSD1306   0x000000002000027a        0x6 ./Core/Src/ssd1306.o
 .bss.SSD1306_Buffer
                0x0000000020000280      0x400 ./Core/Src/ssd1306.o
 .bss.uwTick    0x0000000020000680        0x4 ./Drivers/STM32F1xx_HAL_Driver/Src/stm32f1xx_hal.o
                0x0000000020000680                uwTick
 *(COMMON)
                0x0000000020000684                . = ALIGN (0x4)
                0x0000000020000684                _ebss = .
                0x0000000020000684                __bss_end__ = _ebss

._user_heap_stack
                0x0000000020000684      0x604 load address 0x0000000008005db8
                0x0000000020000688                . = ALIGN (0x8)
 *fill*         0x0000000020000684        0x4 
                [!provide]                        PROVIDE (end = .)
                0x0000000020000688                PROVIDE (_end = .)
                0x0000000020000888                . = (. + _Min_Heap_Size)
 *fill*         0x0000000020000688      0x200 
                0x0000000020000c88                . = (. + _Min_Stack_Size)
 *fill*         0x0000000020000888      0x400 
                0x0000000020000c88                . = ALIGN (0x8)

/DISCARD/
 libc.a(*)
 libm.a(*)
 libgcc.a(*)

.ARM.attributes
                0x0000000000000000       0x29
 *(.ARM.attributes)
 .ARM.attributes
                0x0000000000000000       0x1d G:/tools/STM32CubeIDE_1.13.1/STM32CubeIDE/plugins/com.st.stm32cube.ide.mcu.externaltools.gnu-tools-for-stm32.11.3.rel1.win32_1.1.100.202309141235/tools/bin/../lib/gcc/arm-none-eabi/11.3.1/thumb/v7-m/nofp/crti.o
 .ARM.attributes
                0x000000000000001d       0x2d G:/tools/STM32CubeIDE_1.13.1/STM32CubeIDE/plugins/com.st.stm32cube.ide.mcu.externaltools.gnu-tools-for-stm32.11.3.rel1.win32_1.1.100.202309141235/tools/bin/../lib/gcc/arm-none-eabi/11.3.1/thumb/v7-m/nofp/crtbegin.o
 .ARM.attributes
                0x000000000000004a       0x2d ./Core/Src/common.o
 .ARM.attributes
                0x0000000000000077       0x2d ./Core/Src/eeprom.o
 .ARM.attributes
                0x00000000000000a4       0x2d ./Core/Src/fonts.o
 .ARM.attributes
                0x00000000000000d1       0x2d ./Core/Src/gui.o
 .ARM.attributes
                0x00000000000000fe       0x2d ./Core/Src/heater.o
 .ARM.attributes
                0x000000000000012b       0x2d ./Core/Src/input.o
 .ARM.attributes
                0x0000000000000158       0x2d ./Core/Src/main.o
 .ARM.attributes
                0x0000000000000185       0x2d ./Core/Src/ssd1306.o
 .ARM.attributes
                0x00000000000001b2       0x2d ./Core/Src/stm32f1xx_hal_msp.o
 .ARM.attributes
                0x00000000000001df       0x2d ./Core/Src/stm32f1xx_it.o
 .ARM.attributes
                0x000000000000020c       0x2d ./Core/Src/system_stm32f1xx.o
 .ARM.attributes
                0x0000000000000239       0x21 ./Core/Startup/startup_stm32f103c6tx.o
 .ARM.attributes
                0x000000000000025a       0x2d ./Drivers/STM32F1xx_HAL_Driver/Src/stm32f1xx_hal.o
 .ARM.attributes
                0x0000000000000287       0x2d ./Drivers/STM32F1xx_HAL_Driver/Src/stm32f1xx_hal_adc.o
 .ARM.attributes
                0x00000000000002b4       0x2d ./Drivers/STM32F1xx_HAL_Driver/Src/stm32f1xx_hal_adc_ex.o
 .ARM.attributes
                0x00000000000002e1       0x2d ./Drivers/STM32F1xx_HAL_Driver/Src/stm32f1xx_hal_cortex.o
 .ARM.attributes
                0x000000000000030e       0x2d ./Drivers/STM32F1xx_HAL_Driver/Src/stm32f1xx_hal_dma.o
 .ARM.attributes
                0x000000000000033b       0x2d ./Drivers/STM32F1xx_HAL_Driver/Src/stm32f1xx_hal_gpio.o
 .ARM.attributes
                0x0000000000000368       0x2d ./Drivers/STM32F1xx_HAL_Driver/Src/stm32f1xx_hal_i2c.o
 .ARM.attributes
                0x0000000000000395       0x2d ./Drivers/STM32F1xx_HAL_Driver/Src/stm32f1xx_hal_rcc.o
 .ARM.attributes
                0x00000000000003c2       0x2d ./Drivers/STM32F1xx_HAL_Driver/Src/stm32f1xx_hal_rcc_ex.o
 .ARM.attributes
                0x00000000000003ef       0x2d ./Drivers/STM32F1xx_HAL_Driver/Src/stm32f1xx_hal_tim.o
 .ARM.attributes
                0x000000000000041c       0x2d ./Drivers/STM32F1xx_HAL_Driver/Src/stm32f1xx_hal_tim_ex.o
 .ARM.attributes
                0x0000000000000449       0x2d ./Drivers/STM32F1xx_HAL_Driver/Src/stm32f1xx_hal_uart.o
 .ARM.attributes
                0x0000000000000476       0x2d G:/tools/STM32CubeIDE_1.13.1/STM32CubeIDE/plugins/com.st.stm32cube.ide.mcu.externaltools.gnu-tools-for-stm32.11.3.rel1.win32_1.1.100.202309141235/tools/bin/../lib/gcc/arm-none-eabi/11.3.1/../../../../arm-none-eabi/lib/thumb/v7-m/nofp\libc_nano.a(libc_a-itoa.o)
 .ARM.attributes
                0x00000000000004a3       0x2d G:/tools/STM32CubeIDE_1.13.1/STM32CubeIDE/plugins/com.st.stm32cube.ide.mcu.externaltools.gnu-tools-for-stm32.11.3.rel1.win32_1.1.100.202309141235/tools/bin/../lib/gcc/arm-none-eabi/11.3.1/../../../../arm-none-eabi/lib/thumb/v7-m/nofp\libc_nano.a(libc_a-utoa.o)
 .ARM.attributes
                0x00000000000004d0       0x2d G:/tools/STM32CubeIDE_1.13.1/STM32CubeIDE/plugins/com.st.stm32cube.ide.mcu.externaltools.gnu-tools-for-stm32.11.3.rel1.win32_1.1.100.202309141235/tools/bin/../lib/gcc/arm-none-eabi/11.3.1/../../../../arm-none-eabi/lib/thumb/v7-m/nofp\libc_nano.a(libc_a-memset.o)
 .ARM.attributes
                0x00000000000004fd       0x2d G:/tools/STM32CubeIDE_1.13.1/STM32CubeIDE/plugins/com.st.stm32cube.ide.mcu.externaltools.gnu-tools-for-stm32.11.3.rel1.win32_1.1.100.202309141235/tools/bin/../lib/gcc/arm-none-eabi/11.3.1/../../../../arm-none-eabi/lib/thumb/v7-m/nofp\libc_nano.a(libc_a-init.o)
 .ARM.attributes
                0x000000000000052a       0x1d G:/tools/STM32CubeIDE_1.13.1/STM32CubeIDE/plugins/com.st.stm32cube.ide.mcu.externaltools.gnu-tools-for-stm32.11.3.rel1.win32_1.1.100.202309141235/tools/bin/../lib/gcc/arm-none-eabi/11.3.1/thumb/v7-m/nofp\libgcc.a(_arm_addsubsf3.o)
 .ARM.attributes
                0x0000000000000547       0x1d G:/tools/STM32CubeIDE_1.13.1/STM32CubeIDE/plugins/com.st.stm32cube.ide.mcu.externaltools.gnu-tools-for-stm32.11.3.rel1.win32_1.1.100.202309141235/tools/bin/../lib/gcc/arm-none-eabi/11.3.1/thumb/v7-m/nofp\libgcc.a(_arm_muldivsf3.o)
 .ARM.attributes
                0x0000000000000564       0x1d G:/tools/STM32CubeIDE_1.13.1/STM32CubeIDE/plugins/com.st.stm32cube.ide.mcu.externaltools.gnu-tools-for-stm32.11.3.rel1.win32_1.1.100.202309141235/tools/bin/../lib/gcc/arm-none-eabi/11.3.1/thumb/v7-m/nofp\libgcc.a(_arm_cmpsf2.o)
 .ARM.attributes
                0x0000000000000581       0x1d G:/tools/STM32CubeIDE_1.13.1/STM32CubeIDE/plugins/com.st.stm32cube.ide.mcu.externaltools.gnu-tools-for-stm32.11.3.rel1.win32_1.1.100.202309141235/tools/bin/../lib/gcc/arm-none-eabi/11.3.1/thumb/v7-m/nofp\libgcc.a(_arm_fixunssfsi.o)
 .ARM.attributes
                0x000000000000059e       0x1d G:/tools/STM32CubeIDE_1.13.1/STM32CubeIDE/plugins/com.st.stm32cube.ide.mcu.externaltools.gnu-tools-for-stm32.11.3.rel1.win32_1.1.100.202309141235/tools/bin/../lib/gcc/arm-none-eabi/11.3.1/thumb/v7-m/nofp/crtn.o
OUTPUT(stm32SolderingStation.elf elf32-littlearm)
LOAD linker stubs
LOAD G:/tools/STM32CubeIDE_1.13.1/STM32CubeIDE/plugins/com.st.stm32cube.ide.mcu.externaltools.gnu-tools-for-stm32.11.3.rel1.win32_1.1.100.202309141235/tools/bin/../lib/gcc/arm-none-eabi/11.3.1/../../../../arm-none-eabi/lib/thumb/v7-m/nofp\libc.a
LOAD G:/tools/STM32CubeIDE_1.13.1/STM32CubeIDE/plugins/com.st.stm32cube.ide.mcu.externaltools.gnu-tools-for-stm32.11.3.rel1.win32_1.1.100.202309141235/tools/bin/../lib/gcc/arm-none-eabi/11.3.1/../../../../arm-none-eabi/lib/thumb/v7-m/nofp\libm.a
LOAD G:/tools/STM32CubeIDE_1.13.1/STM32CubeIDE/plugins/com.st.stm32cube.ide.mcu.externaltools.gnu-tools-for-stm32.11.3.rel1.win32_1.1.100.202309141235/tools/bin/../lib/gcc/arm-none-eabi/11.3.1/thumb/v7-m/nofp\libgcc.a

.comment        0x0000000000000000       0x43
 .comment       0x0000000000000000       0x43 G:/tools/STM32CubeIDE_1.13.1/STM32CubeIDE/plugins/com.st.stm32cube.ide.mcu.externaltools.gnu-tools-for-stm32.11.3.rel1.win32_1.1.100.202309141235/tools/bin/../lib/gcc/arm-none-eabi/11.3.1/thumb/v7-m/nofp/crtbegin.o
                                         0x44 (size before relaxing)
 .comment       0x0000000000000043       0x44 ./Core/Src/common.o
 .comment       0x0000000000000043       0x44 ./Core/Src/eeprom.o
 .comment       0x0000000000000043       0x44 ./Core/Src/fonts.o
 .comment       0x0000000000000043       0x44 ./Core/Src/gui.o
 .comment       0x0000000000000043       0x44 ./Core/Src/heater.o
 .comment       0x0000000000000043       0x44 ./Core/Src/input.o
 .comment       0x0000000000000043       0x44 ./Core/Src/main.o
 .comment       0x0000000000000043       0x44 ./Core/Src/ssd1306.o
 .comment       0x0000000000000043       0x44 ./Core/Src/stm32f1xx_hal_msp.o
 .comment       0x0000000000000043       0x44 ./Core/Src/stm32f1xx_it.o
 .comment       0x0000000000000043       0x44 ./Core/Src/system_stm32f1xx.o
 .comment       0x0000000000000043       0x44 ./Drivers/STM32F1xx_HAL_Driver/Src/stm32f1xx_hal.o
 .comment       0x0000000000000043       0x44 ./Drivers/STM32F1xx_HAL_Driver/Src/stm32f1xx_hal_adc.o
 .comment       0x0000000000000043       0x44 ./Drivers/STM32F1xx_HAL_Driver/Src/stm32f1xx_hal_adc_ex.o
 .comment       0x0000000000000043       0x44 ./Drivers/STM32F1xx_HAL_Driver/Src/stm32f1xx_hal_cortex.o
 .comment       0x0000000000000043       0x44 ./Drivers/STM32F1xx_HAL_Driver/Src/stm32f1xx_hal_dma.o
 .comment       0x0000000000000043       0x44 ./Drivers/STM32F1xx_HAL_Driver/Src/stm32f1xx_hal_gpio.o
 .comment       0x0000000000000043       0x44 ./Drivers/STM32F1xx_HAL_Driver/Src/stm32f1xx_hal_i2c.o
 .comment       0x0000000000000043       0x44 ./Drivers/STM32F1xx_HAL_Driver/Src/stm32f1xx_hal_rcc.o
 .comment       0x0000000000000043       0x44 ./Drivers/STM32F1xx_HAL_Driver/Src/stm32f1xx_hal_rcc_ex.o
 .comment       0x0000000000000043       0x44 ./Drivers/STM32F1xx_HAL_Driver/Src/stm32f1xx_hal_tim.o
 .comment       0x0000000000000043       0x44 ./Drivers/STM32F1xx_HAL_Driver/Src/stm32f1xx_hal_tim_ex.o
 .comment       0x0000000000000043       0x44 ./Drivers/STM32F1xx_HAL_Driver/Src/stm32f1xx_hal_uart.o

.debug_frame    0x0000000000000000      0x23c
 .debug_frame   0x0000000000000000       0x38 G:/tools/STM32CubeIDE_1.13.1/STM32CubeIDE/plugins/com.st.stm32cube.ide.mcu.externaltools.gnu-tools-for-stm32.11.3.rel1.win32_1.1.100.202309141235/tools/bin/../lib/gcc/arm-none-eabi/11.3.1/../../../../arm-none-eabi/lib/thumb/v7-m/nofp\libc_nano.a(libc_a-itoa.o)
 .debug_frame   0x0000000000000038       0x48 G:/tools/STM32CubeIDE_1.13.1/STM32CubeIDE/plugins/com.st.stm32cube.ide.mcu.externaltools.gnu-tools-for-stm32.11.3.rel1.win32_1.1.100.202309141235/tools/bin/../lib/gcc/arm-none-eabi/11.3.1/../../../../arm-none-eabi/lib/thumb/v7-m/nofp\libc_nano.a(libc_a-utoa.o)
 .debug_frame   0x0000000000000080       0x20 G:/tools/STM32CubeIDE_1.13.1/STM32CubeIDE/plugins/com.st.stm32cube.ide.mcu.externaltools.gnu-tools-for-stm32.11.3.rel1.win32_1.1.100.202309141235/tools/bin/../lib/gcc/arm-none-eabi/11.3.1/../../../../arm-none-eabi/lib/thumb/v7-m/nofp\libc_nano.a(libc_a-memset.o)
 .debug_frame   0x00000000000000a0       0x2c G:/tools/STM32CubeIDE_1.13.1/STM32CubeIDE/plugins/com.st.stm32cube.ide.mcu.externaltools.gnu-tools-for-stm32.11.3.rel1.win32_1.1.100.202309141235/tools/bin/../lib/gcc/arm-none-eabi/11.3.1/../../../../arm-none-eabi/lib/thumb/v7-m/nofp\libc_nano.a(libc_a-init.o)
 .debug_frame   0x00000000000000cc       0x4c G:/tools/STM32CubeIDE_1.13.1/STM32CubeIDE/plugins/com.st.stm32cube.ide.mcu.externaltools.gnu-tools-for-stm32.11.3.rel1.win32_1.1.100.202309141235/tools/bin/../lib/gcc/arm-none-eabi/11.3.1/thumb/v7-m/nofp\libgcc.a(_arm_addsubsf3.o)
 .debug_frame   0x0000000000000118       0x38 G:/tools/STM32CubeIDE_1.13.1/STM32CubeIDE/plugins/com.st.stm32cube.ide.mcu.externaltools.gnu-tools-for-stm32.11.3.rel1.win32_1.1.100.202309141235/tools/bin/../lib/gcc/arm-none-eabi/11.3.1/thumb/v7-m/nofp\libgcc.a(_arm_muldivsf3.o)
 .debug_frame   0x0000000000000150       0xc8 G:/tools/STM32CubeIDE_1.13.1/STM32CubeIDE/plugins/com.st.stm32cube.ide.mcu.externaltools.gnu-tools-for-stm32.11.3.rel1.win32_1.1.100.202309141235/tools/bin/../lib/gcc/arm-none-eabi/11.3.1/thumb/v7-m/nofp\libgcc.a(_arm_cmpsf2.o)
 .debug_frame   0x0000000000000218       0x24 G:/tools/STM32CubeIDE_1.13.1/STM32CubeIDE/plugins/com.st.stm32cube.ide.mcu.externaltools.gnu-tools-for-stm32.11.3.rel1.win32_1.1.100.202309141235/tools/bin/../lib/gcc/arm-none-eabi/11.3.1/thumb/v7-m/nofp\libgcc.a(_arm_fixunssfsi.o)
